Apache Maven 3.9.11 (3e54c93a704957b63ee3494413a2b544fd3d825b)
Maven home: D:\maven-mvnd-1.0.3-windows-amd64\mvn
Java version: 21.0.7, vendor: JetBrains s.r.o., runtime: D:\Program Files\Android\Android Studio\jbr
Default locale: zh_CN, platform encoding: UTF-8
OS name: "windows 11", version: "10.0", arch: "amd64", family: "windows"
[DEBUG] Created new class realm maven.api
[DEBUG] Importing foreign packages into class realm maven.api
[DEBUG]   Imported: javax.annotation.* < plexus.core
[DEBUG]   Imported: javax.annotation.security.* < plexus.core
[DEBUG]   Imported: javax.inject.* < plexus.core
[DEBUG]   Imported: org.apache.maven.* < plexus.core
[DEBUG]   Imported: org.apache.maven.artifact < plexus.core
[DEBUG]   Imported: org.apache.maven.classrealm < plexus.core
[DEBUG]   Imported: org.apache.maven.cli < plexus.core
[DEBUG]   Imported: org.apache.maven.configuration < plexus.core
[DEBUG]   Imported: org.apache.maven.exception < plexus.core
[DEBUG]   Imported: org.apache.maven.execution < plexus.core
[DEBUG]   Imported: org.apache.maven.execution.scope < plexus.core
[DEBUG]   Imported: org.apache.maven.graph < plexus.core
[DEBUG]   Imported: org.apache.maven.lifecycle < plexus.core
[DEBUG]   Imported: org.apache.maven.model < plexus.core
[DEBUG]   Imported: org.apache.maven.monitor < plexus.core
[DEBUG]   Imported: org.apache.maven.plugin < plexus.core
[DEBUG]   Imported: org.apache.maven.profiles < plexus.core
[DEBUG]   Imported: org.apache.maven.project < plexus.core
[DEBUG]   Imported: org.apache.maven.reporting < plexus.core
[DEBUG]   Imported: org.apache.maven.repository < plexus.core
[DEBUG]   Imported: org.apache.maven.rtinfo < plexus.core
[DEBUG]   Imported: org.apache.maven.settings < plexus.core
[DEBUG]   Imported: org.apache.maven.toolchain < plexus.core
[DEBUG]   Imported: org.apache.maven.usability < plexus.core
[DEBUG]   Imported: org.apache.maven.wagon.* < plexus.core
[DEBUG]   Imported: org.apache.maven.wagon.authentication < plexus.core
[DEBUG]   Imported: org.apache.maven.wagon.authorization < plexus.core
[DEBUG]   Imported: org.apache.maven.wagon.events < plexus.core
[DEBUG]   Imported: org.apache.maven.wagon.observers < plexus.core
[DEBUG]   Imported: org.apache.maven.wagon.proxy < plexus.core
[DEBUG]   Imported: org.apache.maven.wagon.repository < plexus.core
[DEBUG]   Imported: org.apache.maven.wagon.resource < plexus.core
[DEBUG]   Imported: org.codehaus.classworlds < plexus.core
[DEBUG]   Imported: org.codehaus.plexus.* < plexus.core
[DEBUG]   Imported: org.codehaus.plexus.classworlds < plexus.core
[DEBUG]   Imported: org.codehaus.plexus.component < plexus.core
[DEBUG]   Imported: org.codehaus.plexus.configuration < plexus.core
[DEBUG]   Imported: org.codehaus.plexus.container < plexus.core
[DEBUG]   Imported: org.codehaus.plexus.context < plexus.core
[DEBUG]   Imported: org.codehaus.plexus.lifecycle < plexus.core
[DEBUG]   Imported: org.codehaus.plexus.logging < plexus.core
[DEBUG]   Imported: org.codehaus.plexus.personality < plexus.core
[DEBUG]   Imported: org.codehaus.plexus.util.xml.Xpp3Dom < plexus.core
[DEBUG]   Imported: org.codehaus.plexus.util.xml.pull.XmlPullParser < plexus.core
[DEBUG]   Imported: org.codehaus.plexus.util.xml.pull.XmlPullParserException < plexus.core
[DEBUG]   Imported: org.codehaus.plexus.util.xml.pull.XmlSerializer < plexus.core
[DEBUG]   Imported: org.eclipse.aether.* < plexus.core
[DEBUG]   Imported: org.eclipse.aether.artifact < plexus.core
[DEBUG]   Imported: org.eclipse.aether.collection < plexus.core
[DEBUG]   Imported: org.eclipse.aether.deployment < plexus.core
[DEBUG]   Imported: org.eclipse.aether.graph < plexus.core
[DEBUG]   Imported: org.eclipse.aether.impl < plexus.core
[DEBUG]   Imported: org.eclipse.aether.installation < plexus.core
[DEBUG]   Imported: org.eclipse.aether.internal.impl < plexus.core
[DEBUG]   Imported: org.eclipse.aether.metadata < plexus.core
[DEBUG]   Imported: org.eclipse.aether.repository < plexus.core
[DEBUG]   Imported: org.eclipse.aether.resolution < plexus.core
[DEBUG]   Imported: org.eclipse.aether.spi < plexus.core
[DEBUG]   Imported: org.eclipse.aether.transfer < plexus.core
[DEBUG]   Imported: org.eclipse.aether.util < plexus.core
[DEBUG]   Imported: org.eclipse.aether.version < plexus.core
[DEBUG]   Imported: org.fusesource.jansi.* < plexus.core
[DEBUG]   Imported: org.slf4j.* < plexus.core
[DEBUG]   Imported: org.slf4j.event.* < plexus.core
[DEBUG]   Imported: org.slf4j.helpers.* < plexus.core
[DEBUG]   Imported: org.slf4j.spi.* < plexus.core
[DEBUG] Populating class realm maven.api
[DEBUG] Created adapter factory; available factories [file-lock, rwlock-local, semaphore-local, noop]; available name mappers [discriminating, file-gav, file-hgav, file-static, gav, static]
[INFO] Error stacktraces are turned on.
[DEBUG] Message scheme: color
[DEBUG] Message styles: debug info warning error success failure strong mojo project
[DEBUG] Reading global settings from D:\maven-mvnd-1.0.3-windows-amd64\mvn\conf\settings.xml
[DEBUG] Reading user settings from C:\Users\Administrator\.m2\settings.xml
[DEBUG] Reading global toolchains from D:\maven-mvnd-1.0.3-windows-amd64\mvn\conf\toolchains.xml
[DEBUG] Reading user toolchains from C:\Users\Administrator\.m2\toolchains.xml
[DEBUG] Using local repository at C:\Users\Administrator\.m2\repository
[DEBUG] Using manager EnhancedLocalRepositoryManager with priority 10.0 for C:\Users\Administrator\.m2\repository
[INFO] Scanning for projects...
[DEBUG] Extension realms for project neko:NekoLobby:jar:1.0-SNAPSHOT: (none)
[DEBUG] Looking up lifecycle mappings for packaging jar from ClassRealm[plexus.core, parent: null]
[WARNING] 
[WARNING] Some problems were encountered while building the effective model for neko:NekoLobby:jar:1.0-SNAPSHOT
[WARNING] 'dependencies.dependency.systemPath' for neko.nekoLevel:neko:jar should not point at files within the project directory, ${project.basedir}/lib/nekolevel-1.0-SNAPSHOT.jar will be unresolvable by dependent projects @ line 94, column 25
[WARNING] 
[WARNING] It is highly recommended to fix these problems because they threaten the stability of your build.
[WARNING] 
[WARNING] For this reason, future Maven versions might no longer support building such malformed projects.
[WARNING] 
[DEBUG] === REACTOR BUILD PLAN ================================================
[DEBUG] Project: neko:NekoLobby:jar:1.0-SNAPSHOT
[DEBUG] Tasks:   [clean, compile]
[DEBUG] Style:   Regular
[DEBUG] =======================================================================
[INFO] 
[INFO] ---------------------------< neko:NekoLobby >---------------------------
[INFO] Building NekoLobby 1.0-SNAPSHOT
[INFO]   from pom.xml
[INFO] --------------------------------[ jar ]---------------------------------
[DEBUG] Lifecycle clean -> [pre-clean, clean, post-clean]
[DEBUG] Lifecycle default -> [validate, initialize, generate-sources, process-sources, generate-resources, process-resources, compile, process-classes, generate-test-sources, process-test-sources, generate-test-resources, process-test-resources, test-compile, process-test-classes, test, prepare-package, package, pre-integration-test, integration-test, post-integration-test, verify, install, deploy]
[DEBUG] Lifecycle site -> [pre-site, site, post-site, site-deploy]
[DEBUG] Lifecycle clean -> [pre-clean, clean, post-clean]
[DEBUG] Lifecycle default -> [validate, initialize, generate-sources, process-sources, generate-resources, process-resources, compile, process-classes, generate-test-sources, process-test-sources, generate-test-resources, process-test-resources, test-compile, process-test-classes, test, prepare-package, package, pre-integration-test, integration-test, post-integration-test, verify, install, deploy]
[DEBUG] Lifecycle site -> [pre-site, site, post-site, site-deploy]
[DEBUG] Creating adapter using nameMapper 'gav' and factory 'rwlock-local'
[DEBUG] Lifecycle clean -> [pre-clean, clean, post-clean]
[DEBUG] Lifecycle default -> [validate, initialize, generate-sources, process-sources, generate-resources, process-resources, compile, process-classes, generate-test-sources, process-test-sources, generate-test-resources, process-test-resources, test-compile, process-test-classes, test, prepare-package, package, pre-integration-test, integration-test, post-integration-test, verify, install, deploy]
[DEBUG] Lifecycle site -> [pre-site, site, post-site, site-deploy]
[DEBUG] Lifecycle clean -> [pre-clean, clean, post-clean]
[DEBUG] Lifecycle default -> [validate, initialize, generate-sources, process-sources, generate-resources, process-resources, compile, process-classes, generate-test-sources, process-test-sources, generate-test-resources, process-test-resources, test-compile, process-test-classes, test, prepare-package, package, pre-integration-test, integration-test, post-integration-test, verify, install, deploy]
[DEBUG] Lifecycle site -> [pre-site, site, post-site, site-deploy]
[DEBUG] Lifecycle clean -> [pre-clean, clean, post-clean]
[DEBUG] Lifecycle default -> [validate, initialize, generate-sources, process-sources, generate-resources, process-resources, compile, process-classes, generate-test-sources, process-test-sources, generate-test-resources, process-test-resources, test-compile, process-test-classes, test, prepare-package, package, pre-integration-test, integration-test, post-integration-test, verify, install, deploy]
[DEBUG] Lifecycle site -> [pre-site, site, post-site, site-deploy]
[DEBUG] === PROJECT BUILD PLAN ================================================
[DEBUG] Project:       neko:NekoLobby:1.0-SNAPSHOT
[DEBUG] Dependencies (collect): []
[DEBUG] Dependencies (resolve): [compile]
[DEBUG] Repositories (dependencies): [papermc-repo (https://repo.papermc.io/repository/maven-public/, default, releases+snapshots), placeholderapi (https://repo.extendedclip.com/content/repositories/placeholderapi/, default, releases+snapshots), central (https://repo.maven.apache.org/maven2, default, releases)]
[DEBUG] Repositories (plugins)     : [central (https://repo.maven.apache.org/maven2, default, releases)]
[DEBUG] -----------------------------------------------------------------------
[DEBUG] Goal:          org.apache.maven.plugins:maven-clean-plugin:3.2.0:clean (default-clean)
[DEBUG] Style:         Regular
[DEBUG] Configuration: <?xml version="1.0" encoding="UTF-8"?>
<configuration>
  <directory default-value="${project.build.directory}"/>
  <excludeDefaultDirectories default-value="false">${maven.clean.excludeDefaultDirectories}</excludeDefaultDirectories>
  <failOnError default-value="true">${maven.clean.failOnError}</failOnError>
  <fast default-value="false">${maven.clean.fast}</fast>
  <fastDir>${maven.clean.fastDir}</fastDir>
  <fastMode default-value="background">${maven.clean.fastMode}</fastMode>
  <followSymLinks default-value="false">${maven.clean.followSymLinks}</followSymLinks>
  <outputDirectory default-value="${project.build.outputDirectory}"/>
  <reportDirectory default-value="${project.build.outputDirectory}"/>
  <retryOnError default-value="true">${maven.clean.retryOnError}</retryOnError>
  <session default-value="${session}"/>
  <skip default-value="false">${maven.clean.skip}</skip>
  <testOutputDirectory default-value="${project.build.testOutputDirectory}"/>
  <verbose>${maven.clean.verbose}</verbose>
</configuration>
[DEBUG] -----------------------------------------------------------------------
[DEBUG] Goal:          org.apache.maven.plugins:maven-resources-plugin:3.3.1:resources (default-resources)
[DEBUG] Style:         Regular
[DEBUG] Configuration: <?xml version="1.0" encoding="UTF-8"?>
<configuration>
  <addDefaultExcludes default-value="true"/>
  <buildFilters default-value="${project.build.filters}"/>
  <encoding default-value="${project.build.sourceEncoding}"/>
  <escapeWindowsPaths default-value="true"/>
  <fileNameFiltering default-value="false"/>
  <includeEmptyDirs default-value="false"/>
  <outputDirectory default-value="${project.build.outputDirectory}"/>
  <overwrite default-value="false"/>
  <project default-value="${project}"/>
  <resources default-value="${project.resources}"/>
  <session default-value="${session}"/>
  <skip default-value="false">${maven.resources.skip}</skip>
  <supportMultiLineFiltering default-value="false"/>
  <useBuildFilters default-value="true"/>
  <useDefaultDelimiters default-value="true"/>
</configuration>
[DEBUG] -----------------------------------------------------------------------
[DEBUG] Goal:          org.apache.maven.plugins:maven-compiler-plugin:3.8.1:compile (default-compile)
[DEBUG] Style:         Regular
[DEBUG] Configuration: <?xml version="1.0" encoding="UTF-8"?>
<configuration>
  <basedir default-value="${basedir}"/>
  <buildDirectory default-value="${project.build.directory}"/>
  <compilePath default-value="${project.compileClasspathElements}"/>
  <compileSourceRoots default-value="${project.compileSourceRoots}"/>
  <compilerId default-value="javac">${maven.compiler.compilerId}</compilerId>
  <compilerReuseStrategy default-value="${reuseCreated}">${maven.compiler.compilerReuseStrategy}</compilerReuseStrategy>
  <compilerVersion>${maven.compiler.compilerVersion}</compilerVersion>
  <debug default-value="true">${maven.compiler.debug}</debug>
  <debuglevel>${maven.compiler.debuglevel}</debuglevel>
  <encoding default-value="${project.build.sourceEncoding}">UTF-8</encoding>
  <executable>${maven.compiler.executable}</executable>
  <failOnError default-value="true">${maven.compiler.failOnError}</failOnError>
  <failOnWarning default-value="false">${maven.compiler.failOnWarning}</failOnWarning>
  <forceJavacCompilerUse default-value="false">${maven.compiler.forceJavacCompilerUse}</forceJavacCompilerUse>
  <fork default-value="false">${maven.compiler.fork}</fork>
  <generatedSourcesDirectory default-value="${project.build.directory}/generated-sources/annotations"/>
  <maxmem>${maven.compiler.maxmem}</maxmem>
  <meminitial>${maven.compiler.meminitial}</meminitial>
  <mojoExecution default-value="${mojoExecution}"/>
  <optimize default-value="false">${maven.compiler.optimize}</optimize>
  <outputDirectory default-value="${project.build.outputDirectory}"/>
  <parameters default-value="false">${maven.compiler.parameters}</parameters>
  <project default-value="${project}"/>
  <projectArtifact default-value="${project.artifact}"/>
  <release>${maven.compiler.release}</release>
  <session default-value="${session}"/>
  <showDeprecation default-value="false">${maven.compiler.showDeprecation}</showDeprecation>
  <showWarnings default-value="false">${maven.compiler.showWarnings}</showWarnings>
  <skipMain>${maven.main.skip}</skipMain>
  <skipMultiThreadWarning default-value="false">${maven.compiler.skipMultiThreadWarning}</skipMultiThreadWarning>
  <source default-value="1.6">1.8</source>
  <staleMillis default-value="0">${lastModGranularityMs}</staleMillis>
  <target default-value="1.6">1.8</target>
  <useIncrementalCompilation default-value="true">${maven.compiler.useIncrementalCompilation}</useIncrementalCompilation>
  <verbose default-value="false">${maven.compiler.verbose}</verbose>
</configuration>
[DEBUG] =======================================================================
[DEBUG] Could not find metadata org.spigotmc:spigot-api:1.12.2-R0.1-SNAPSHOT/maven-metadata.xml in local (C:\Users\Administrator\.m2\repository)
[DEBUG] Skipped remote request for org.spigotmc:spigot-api:1.12.2-R0.1-SNAPSHOT/maven-metadata.xml, locally cached metadata up-to-date
[DEBUG] org.spigotmc:spigot-api:1.12.2-R0.1-SNAPSHOT/maven-metadata.xml was not found in https://repo.extendedclip.com/content/repositories/placeholderapi/ during a previous attempt. This failure was cached in the local repository and resolution is not be reattempted until the update interval of placeholderapi has elapsed or updates are forced
[DEBUG] Could not find metadata org.spigotmc:spigot-api:1.12.2-R0.1-SNAPSHOT/maven-metadata.xml in local (C:\Users\Administrator\.m2\repository)
[DEBUG] Skipped remote request for org.spigotmc:spigot-api:1.12.2-R0.1-SNAPSHOT/maven-metadata.xml, locally cached metadata up-to-date
[DEBUG] org.spigotmc:spigot-api:1.12.2-R0.1-SNAPSHOT/maven-metadata.xml was not found in https://repo.extendedclip.com/content/repositories/placeholderapi/ during a previous attempt. This failure was cached in the local repository and resolution is not be reattempted until the update interval of placeholderapi has elapsed or updates are forced
[DEBUG] Using mirror maven-default-http-blocker (http://0.0.0.0/) for apache.snapshots (http://repository.apache.org/snapshots).
[DEBUG] Could not find metadata net.md-5:bungeecord-chat:1.12-SNAPSHOT/maven-metadata.xml in local (C:\Users\Administrator\.m2\repository)
[DEBUG] Skipped remote request for net.md-5:bungeecord-chat:1.12-SNAPSHOT/maven-metadata.xml, locally cached metadata up-to-date
[DEBUG] net.md-5:bungeecord-chat:1.12-SNAPSHOT/maven-metadata.xml was not found in https://repo.extendedclip.com/content/repositories/placeholderapi/ during a previous attempt. This failure was cached in the local repository and resolution is not be reattempted until the update interval of placeholderapi has elapsed or updates are forced
[DEBUG] Skipped remote request for net.md-5:bungeecord-chat:1.12-SNAPSHOT/maven-metadata.xml, locally cached metadata up-to-date
[DEBUG] Could not find metadata net.md-5:bungeecord-chat:1.12-SNAPSHOT/maven-metadata.xml in local (C:\Users\Administrator\.m2\repository)
[DEBUG] Skipped remote request for net.md-5:bungeecord-chat:1.12-SNAPSHOT/maven-metadata.xml, locally cached metadata up-to-date
[DEBUG] net.md-5:bungeecord-chat:1.12-SNAPSHOT/maven-metadata.xml was not found in https://repo.extendedclip.com/content/repositories/placeholderapi/ during a previous attempt. This failure was cached in the local repository and resolution is not be reattempted until the update interval of placeholderapi has elapsed or updates are forced
[DEBUG] Skipped remote request for net.md-5:bungeecord-chat:1.12-SNAPSHOT/maven-metadata.xml, locally cached metadata up-to-date
[DEBUG] Could not find metadata net.md-5:bungeecord-parent:1.12-SNAPSHOT/maven-metadata.xml in local (C:\Users\Administrator\.m2\repository)
[DEBUG] Skipped remote request for net.md-5:bungeecord-parent:1.12-SNAPSHOT/maven-metadata.xml, locally cached metadata up-to-date
[DEBUG] net.md-5:bungeecord-parent:1.12-SNAPSHOT/maven-metadata.xml was not found in https://repo.extendedclip.com/content/repositories/placeholderapi/ during a previous attempt. This failure was cached in the local repository and resolution is not be reattempted until the update interval of placeholderapi has elapsed or updates are forced
[DEBUG] Skipped remote request for net.md-5:bungeecord-parent:1.12-SNAPSHOT/maven-metadata.xml, locally cached metadata up-to-date
[DEBUG] Dependency collection stats {ConflictMarker.analyzeTime=1642800, ConflictMarker.markTime=181500, ConflictMarker.nodeCount=66, ConflictIdSorter.graphTime=610400, ConflictIdSorter.topsortTime=482400, ConflictIdSorter.conflictIdCount=30, ConflictIdSorter.conflictIdCycleCount=0, ConflictResolver.totalTime=6048900, ConflictResolver.conflictItemCount=53, DfDependencyCollector.collectTime=223877000, DfDependencyCollector.transformTime=11435800}
[WARNING] The artifact mysql:mysql-connector-java:jar:8.0.33 has been relocated to com.mysql:mysql-connector-j:jar:8.0.33: MySQL Connector/J artifacts moved to reverse-DNS compliant Maven 2+ coordinates.
[DEBUG] neko:NekoLobby:jar:1.0-SNAPSHOT
[DEBUG]    org.spigotmc:spigot-api:jar:1.12.2-R0.1-SNAPSHOT:provided
[DEBUG]       commons-lang:commons-lang:jar:2.6:provided
[DEBUG]       com.googlecode.json-simple:json-simple:jar:1.1.1:provided
[DEBUG]          junit:junit:jar:4.10:provided
[DEBUG]             org.hamcrest:hamcrest-core:jar:1.1:provided
[DEBUG]       com.google.guava:guava:jar:21.0:provided
[DEBUG]       com.google.code.gson:gson:jar:2.8.0:provided
[DEBUG]       org.yaml:snakeyaml:jar:1.19:provided
[DEBUG]       net.md-5:bungeecord-chat:jar:1.12-SNAPSHOT:provided
[DEBUG]    me.clip:placeholderapi:jar:2.11.6:provided
[DEBUG]       org.jetbrains:annotations:jar:23.0.0:provided
[DEBUG]       org.bstats:bstats-bukkit:jar:3.0.1:provided
[DEBUG]          org.bstats:bstats-base:jar:3.0.1:provided
[DEBUG]       net.kyori:adventure-platform-bukkit:jar:4.3.2:provided
[DEBUG]          net.kyori:adventure-platform-api:jar:4.3.2:provided
[DEBUG]             net.kyori:adventure-api:jar:4.13.1:provided
[DEBUG]                net.kyori:adventure-key:jar:4.13.1:provided
[DEBUG]          net.kyori:adventure-text-serializer-bungeecord:jar:4.3.2:provided
[DEBUG]          net.kyori:adventure-text-serializer-legacy:jar:4.13.1:provided
[DEBUG]          net.kyori:adventure-nbt:jar:4.13.1:provided
[DEBUG]             net.kyori:examination-api:jar:1.3.0:provided
[DEBUG]             net.kyori:examination-string:jar:1.3.0:provided
[DEBUG]          net.kyori:adventure-text-serializer-gson:jar:4.13.1:provided
[DEBUG]          net.kyori:adventure-text-serializer-gson-legacy-impl:jar:4.13.1:provided
[DEBUG]          net.kyori:adventure-platform-facet:jar:4.3.2:provided
[DEBUG]          net.kyori:adventure-platform-viaversion:jar:4.3.2:provided
[DEBUG]    com.mysql:mysql-connector-j:jar:8.0.33:compile
[DEBUG]       com.google.protobuf:protobuf-java:jar:3.21.9:compile
[DEBUG]    net.luckperms:api:jar:5.4:provided
[DEBUG]    neko.nekoLevel:neko:jar:1.0:system
[INFO] 
[INFO] --- clean:3.2.0:clean (default-clean) @ NekoLobby ---
[DEBUG] Dependency collection stats {ConflictMarker.analyzeTime=34300, ConflictMarker.markTime=64000, ConflictMarker.nodeCount=3, ConflictIdSorter.graphTime=9500, ConflictIdSorter.topsortTime=12500, ConflictIdSorter.conflictIdCount=3, ConflictIdSorter.conflictIdCycleCount=0, ConflictResolver.totalTime=183500, ConflictResolver.conflictItemCount=3, DfDependencyCollector.collectTime=41628800, DfDependencyCollector.transformTime=324800}
[DEBUG] org.apache.maven.plugins:maven-clean-plugin:jar:3.2.0
[DEBUG]    org.apache.maven.shared:maven-shared-utils:jar:3.3.4:compile
[DEBUG]       commons-io:commons-io:jar:2.6:compile
[DEBUG] Created new class realm plugin>org.apache.maven.plugins:maven-clean-plugin:3.2.0
[DEBUG] Importing foreign packages into class realm plugin>org.apache.maven.plugins:maven-clean-plugin:3.2.0
[DEBUG]   Imported:  < maven.api
[DEBUG] Populating class realm plugin>org.apache.maven.plugins:maven-clean-plugin:3.2.0
[DEBUG]   Included: org.apache.maven.plugins:maven-clean-plugin:jar:3.2.0
[DEBUG]   Included: org.apache.maven.shared:maven-shared-utils:jar:3.3.4
[DEBUG]   Included: commons-io:commons-io:jar:2.6
[DEBUG] Loading mojo org.apache.maven.plugins:maven-clean-plugin:3.2.0:clean from plugin realm ClassRealm[plugin>org.apache.maven.plugins:maven-clean-plugin:3.2.0, parent: jdk.internal.loader.ClassLoaders$AppClassLoader@4f8e5cde]
[DEBUG] Configuring mojo execution 'org.apache.maven.plugins:maven-clean-plugin:3.2.0:clean:default-clean' with basic configurator -->
[DEBUG]   (f) directory = D:\Projects\Idea\NekoLobby\target
[DEBUG]   (f) excludeDefaultDirectories = false
[DEBUG]   (f) failOnError = true
[DEBUG]   (f) fast = false
[DEBUG]   (f) fastMode = background
[DEBUG]   (f) followSymLinks = false
[DEBUG]   (f) outputDirectory = D:\Projects\Idea\NekoLobby\target\classes
[DEBUG]   (f) reportDirectory = D:\Projects\Idea\NekoLobby\target\classes
[DEBUG]   (f) retryOnError = true
[DEBUG]   (f) session = org.apache.maven.execution.MavenSession@7b122839
[DEBUG]   (f) skip = false
[DEBUG]   (f) testOutputDirectory = D:\Projects\Idea\NekoLobby\target\test-classes
[DEBUG] -- end configuration --
[INFO] Deleting D:\Projects\Idea\NekoLobby\target
[INFO] Deleting file D:\Projects\Idea\NekoLobby\target\maven-status\maven-compiler-plugin\compile\default-compile\inputFiles.lst
[INFO] Deleting file D:\Projects\Idea\NekoLobby\target\maven-status\maven-compiler-plugin\compile\default-compile\createdFiles.lst
[INFO] Deleting directory D:\Projects\Idea\NekoLobby\target\maven-status\maven-compiler-plugin\compile\default-compile
[INFO] Deleting directory D:\Projects\Idea\NekoLobby\target\maven-status\maven-compiler-plugin\compile
[INFO] Deleting directory D:\Projects\Idea\NekoLobby\target\maven-status\maven-compiler-plugin
[INFO] Deleting directory D:\Projects\Idea\NekoLobby\target\maven-status
[INFO] Deleting directory D:\Projects\Idea\NekoLobby\target\generated-sources\annotations
[INFO] Deleting directory D:\Projects\Idea\NekoLobby\target\generated-sources
[INFO] Deleting file D:\Projects\Idea\NekoLobby\target\classes\plugin.yml
[INFO] Deleting file D:\Projects\Idea\NekoLobby\target\classes\config.yml
[INFO] Deleting directory D:\Projects\Idea\NekoLobby\target\classes
[INFO] Deleting directory D:\Projects\Idea\NekoLobby\target
[DEBUG] Skipping non-existing directory D:\Projects\Idea\NekoLobby\target\classes
[DEBUG] Skipping non-existing directory D:\Projects\Idea\NekoLobby\target\test-classes
[DEBUG] Skipping non-existing directory D:\Projects\Idea\NekoLobby\target\classes
[INFO] 
[INFO] --- resources:3.3.1:resources (default-resources) @ NekoLobby ---
[DEBUG] Dependency collection stats {ConflictMarker.analyzeTime=68000, ConflictMarker.markTime=62000, ConflictMarker.nodeCount=13, ConflictIdSorter.graphTime=16600, ConflictIdSorter.topsortTime=37100, ConflictIdSorter.conflictIdCount=9, ConflictIdSorter.conflictIdCycleCount=0, ConflictResolver.totalTime=270100, ConflictResolver.conflictItemCount=13, DfDependencyCollector.collectTime=80618900, DfDependencyCollector.transformTime=474000}
[DEBUG] org.apache.maven.plugins:maven-resources-plugin:jar:3.3.1
[DEBUG]    org.codehaus.plexus:plexus-interpolation:jar:1.26:runtime
[DEBUG]    org.codehaus.plexus:plexus-utils:jar:3.5.1:compile
[DEBUG]    org.apache.maven.shared:maven-filtering:jar:3.3.1:compile
[DEBUG]       javax.inject:javax.inject:jar:1:compile
[DEBUG]       org.slf4j:slf4j-api:jar:1.7.36:compile
[DEBUG]       org.sonatype.plexus:plexus-build-api:jar:0.0.7:compile
[DEBUG]    commons-io:commons-io:jar:2.11.0:compile
[DEBUG]    org.apache.commons:commons-lang3:jar:3.12.0:compile
[DEBUG] Created new class realm plugin>org.apache.maven.plugins:maven-resources-plugin:3.3.1
[DEBUG] Importing foreign packages into class realm plugin>org.apache.maven.plugins:maven-resources-plugin:3.3.1
[DEBUG]   Imported:  < maven.api
[DEBUG] Populating class realm plugin>org.apache.maven.plugins:maven-resources-plugin:3.3.1
[DEBUG]   Included: org.apache.maven.plugins:maven-resources-plugin:jar:3.3.1
[DEBUG]   Included: org.codehaus.plexus:plexus-interpolation:jar:1.26
[DEBUG]   Included: org.codehaus.plexus:plexus-utils:jar:3.5.1
[DEBUG]   Included: org.apache.maven.shared:maven-filtering:jar:3.3.1
[DEBUG]   Included: org.sonatype.plexus:plexus-build-api:jar:0.0.7
[DEBUG]   Included: commons-io:commons-io:jar:2.11.0
[DEBUG]   Included: org.apache.commons:commons-lang3:jar:3.12.0
[DEBUG] Loading mojo org.apache.maven.plugins:maven-resources-plugin:3.3.1:resources from plugin realm ClassRealm[plugin>org.apache.maven.plugins:maven-resources-plugin:3.3.1, parent: jdk.internal.loader.ClassLoaders$AppClassLoader@4f8e5cde]
[DEBUG] Configuring mojo execution 'org.apache.maven.plugins:maven-resources-plugin:3.3.1:resources:default-resources' with basic configurator -->
[DEBUG]   (f) addDefaultExcludes = true
[DEBUG]   (f) buildFilters = []
[DEBUG]   (f) encoding = UTF-8
[DEBUG]   (f) escapeWindowsPaths = true
[DEBUG]   (f) fileNameFiltering = false
[DEBUG]   (s) includeEmptyDirs = false
[DEBUG]   (s) outputDirectory = D:\Projects\Idea\NekoLobby\target\classes
[DEBUG]   (s) overwrite = false
[DEBUG]   (f) project = MavenProject: neko:NekoLobby:1.0-SNAPSHOT @ D:\Projects\Idea\NekoLobby\pom.xml
[DEBUG]   (s) resources = [Resource {targetPath: null, filtering: true, FileSet {directory: D:\Projects\Idea\NekoLobby\src\main\resources, PatternSet [includes: {}, excludes: {}]}}]
[DEBUG]   (f) session = org.apache.maven.execution.MavenSession@7b122839
[DEBUG]   (f) skip = false
[DEBUG]   (f) supportMultiLineFiltering = false
[DEBUG]   (f) useBuildFilters = true
[DEBUG]   (s) useDefaultDelimiters = true
[DEBUG] -- end configuration --
[DEBUG] properties used:
[DEBUG] classworlds.conf: D:\maven-mvnd-1.0.3-windows-amd64\mvn\bin\m2.conf
[DEBUG] env.123PAN: D:\Program Files (x86)\123pan\123pan.exe
[DEBUG] env.=D:: D:\Projects\Idea\NekoLobby
[DEBUG] env.=EXITCODE: 00000000
[DEBUG] env.ALLUSERSPROFILE: C:\ProgramData
[DEBUG] env.ANDROID_HOME: C:/Users/qianx/AppData/Local/Android/Sdk
[DEBUG] env.APPDATA: C:\Users\Administrator\AppData\Roaming
[DEBUG] env.CLASSWORLDS_JAR: "D:\maven-mvnd-1.0.3-windows-amd64\mvn\boot\plexus-classworlds-2.9.0.jar"
[DEBUG] env.CLASSWORLDS_LAUNCHER: org.codehaus.plexus.classworlds.launcher.Launcher
[DEBUG] env.COMMONPROGRAMFILES: C:\Program Files\Common Files
[DEBUG] env.COMMONPROGRAMFILES(X86): C:\Program Files (x86)\Common Files
[DEBUG] env.COMMONPROGRAMW6432: C:\Program Files\Common Files
[DEBUG] env.COMPUTERNAME: DESKTOP-QNP600O
[DEBUG] env.COMSPEC: C:\Windows\system32\cmd.exe
[DEBUG] env.DEVECOSTUDIO_VM_OPTIONS: D:\win2024\win2024\vmoptions\devecostudio.vmoptions
[DEBUG] env.DRIVERDATA: C:\Windows\System32\Drivers\DriverData
[DEBUG] env.EFC_12828_1592913036: 1
[DEBUG] env.ERROR_CODE: 0
[DEBUG] env.EXEC_DIR: D:\Projects\Idea\NekoLobby
[DEBUG] env.GATEWAY_VM_OPTIONS: D:\win2024\win2024\vmoptions\gateway.vmoptions
[DEBUG] env.GRADLE_HOME: "C:\Gradle\gradle-6.1.1"
[DEBUG] env.HOME: C:\Users\Administrator
[DEBUG] env.HOMEDRIVE: C:
[DEBUG] env.HOMEPATH: \Users\Administrator
[DEBUG] env.IFLOW_CLI: 1
[DEBUG] env.JAVACMD: D:/Program Files/Android/Android Studio/jbr\bin\java.exe
[DEBUG] env.JAVA_HOME: D:/Program Files/Android/Android Studio/jbr
[DEBUG] env.JETBRAINSCLIENT_VM_OPTIONS: D:\win2024\win2024\vmoptions\jetbrainsclient.vmoptions
[DEBUG] env.JETBRAINS_CLIENT_VM_OPTIONS: D:\win2024\win2024\vmoptions\jetbrains_client.vmoptions
[DEBUG] env.JETBRAINS_INTELLIJ_COMMAND_END_MARKER: RDhDXPFf3QSSXQ0C6Cc0QSflOYkrWPpiPmnat7JWinJGMwgNov08E6Pn5yVYbqhk
[DEBUG] env.JVMCONFIG: \.mvn\jvm.config
[DEBUG] env.LANG: zh_CN.UTF-8
[DEBUG] env.LC_ALL: zh_CN.UTF-8
[DEBUG] env.LINUX_MULTIARCH_ROOT: d:\UnrealToolchains\v23_clang-18.1.0-rockylinux8\
[DEBUG] env.LOCALAPPDATA: C:\Users\Administrator\AppData\Local
[DEBUG] env.LOGONSERVER: \\DESKTOP-QNP600O
[DEBUG] env.MAVEN_CMD_LINE_ARGS: clean compile -X
[DEBUG] env.MAVEN_HOME: D:\maven-mvnd-1.0.3-windows-amd64\mvn
[DEBUG] env.MAVEN_OPTS: --enable-native-access=ALL-UNNAMED 
[DEBUG] env.MAVEN_PROJECTBASEDIR: D:\Projects\Idea\NekoLobby
[DEBUG] env.NUMBER_OF_PROCESSORS: 16
[DEBUG] env.ONEDRIVE: C:\Users\Administrator\OneDrive
[DEBUG] env.OS: Windows_NT
[DEBUG] env.PAGER: cat
[DEBUG] env.PATH: C:\Program Files\Common Files\Oracle\Java\javapath;C:\Program Files (x86)\Common Files\Oracle\Java\java8path;C:\Program Files (x86)\Common Files\Oracle\Java\javapath;C:\Windows\system32;C:\Windows;C:\Windows\System32\Wbem;C:\Windows\System32\WindowsPowerShell\v1.0\;C:\Windows\System32\OpenSSH\;C:\Program Files\Bandizip\;C:\Program Files (x86)\NVIDIA Corporation\PhysX\Common;C:\Program Files\python;C:\Program Files\python\Scripts;C:\Program Files\dotnet\;D:\Program Files\qemu\;C:\Program Files\nodejs\;C:\Program Files\Git\cmd;D:\adb\;C:\Program Files\NVIDIA Corporation\NVIDIA App\NvDLISR;C:\Program Files (x86)\Windows Kits\10\Windows Performance Toolkit\;D:\maven-mvnd-1.0.3-windows-amd64\mvn\bin;C:\Users\Administrator\AppData\Local\Programs\Python\Launcher\;C:\Program Files\Common Files\Oracle\Java\javapath;C:\Windows\system32;C:\Windows;C:\Windows\System32\Wbem;C:\Windows\System32\WindowsPowerShell\v1.0\;C:\Windows\System32\OpenSSH\;C:\Program Files\Bandizip\;C:\Program Files\NVIDIA Corporation\NVIDIA App\NvDLISR;C:\Program Files (x86)\NVIDIA Corporation\PhysX\Common;C:\Program Files\python;C:\Program Files\python\Scripts;C:\Program Files\dotnet\;D:\Program Files\qemu\;C:\Program Files\nodejs\;C:\Program Files\Git\cmd;C:\Users\Administrator\AppData\Local\Microsoft\WindowsApps;D:\Program Files (x86)\Microsoft VS Code\bin;C:\Users\Administrator\AppData\Roaming\npm;d:\program files (x86)\steam\ext\bin;H:\Ollama;C:\Users\Administrator\.dotnet\tools
[DEBUG] env.PATHEXT: .COM;.EXE;.BAT;.CMD;.VBS;.VBE;.JS;.JSE;.WSF;.WSH;.MSC;.CPL
[DEBUG] env.PROCESSOR_ARCHITECTURE: AMD64
[DEBUG] env.PROCESSOR_IDENTIFIER: Intel64 Family 6 Model 79 Stepping 1, GenuineIntel
[DEBUG] env.PROCESSOR_LEVEL: 6
[DEBUG] env.PROCESSOR_REVISION: 4f01
[DEBUG] env.PROGRAMDATA: C:\ProgramData
[DEBUG] env.PROGRAMFILES: C:\Program Files
[DEBUG] env.PROGRAMFILES(X86): C:\Program Files (x86)
[DEBUG] env.PROGRAMW6432: C:\Program Files
[DEBUG] env.PROMPT: $P$G
[DEBUG] env.PSEXECUTIONPOLICYPREFERENCE: Bypass
[DEBUG] env.PSMODULEPATH: C:\Users\Administrator\Documents\WindowsPowerShell\Modules;C:\Program Files\WindowsPowerShell\Modules;C:\Windows\system32\WindowsPowerShell\v1.0\Modules
[DEBUG] env.PUBLIC: C:\Users\Public
[DEBUG] env.PYTHONIOENCODING: utf-8
[DEBUG] env.SESSIONNAME: Console
[DEBUG] env.STUDIO_VM_OPTIONS: D:\win2024\win2024\vmoptions\studio.vmoptions
[DEBUG] env.SYSTEMDRIVE: C:
[DEBUG] env.SYSTEMROOT: C:\Windows
[DEBUG] env.TEMP: D:\3CA8~1
[DEBUG] env.TERM: xterm-256color
[DEBUG] env.TERMINAL_EMULATOR: JetBrains-JediTerm
[DEBUG] env.TERM_SESSION_ID: 5a8c0fbb-26e8-4fa3-a354-816b6d2dbc4c
[DEBUG] env.TMP: D:\3CA8~1
[DEBUG] env.UNRAR_LIB_PATH: C:\Program Files\python\Lib\site-packages\unrar\UnRAR.dll
[DEBUG] env.USERDOMAIN: DESKTOP-QNP600O
[DEBUG] env.USERDOMAIN_ROAMINGPROFILE: DESKTOP-QNP600O
[DEBUG] env.USERNAME: Administrator
[DEBUG] env.USERPROFILE: C:\Users\Administrator
[DEBUG] env.WDIR: D:\
[DEBUG] env.WEBIDE_VM_OPTIONS: D:\win2024\win2024\vmoptions\webide.vmoptions
[DEBUG] env.WINDIR: C:\Windows
[DEBUG] file.encoding: UTF-8
[DEBUG] file.separator: \
[DEBUG] intellij.os.virtualization: none
[DEBUG] java.class.path: D:\maven-mvnd-1.0.3-windows-amd64\mvn\boot\plexus-classworlds-2.9.0.jar
[DEBUG] java.class.version: 65.0
[DEBUG] java.home: D:\Program Files\Android\Android Studio\jbr
[DEBUG] java.io.tmpdir: D:\3CA8~1\
[DEBUG] java.library.path: D:\Program Files\Android\Android Studio\jbr\bin;C:\Windows\Sun\Java\bin;C:\Windows\system32;C:\Windows;C:\Program Files\Common Files\Oracle\Java\javapath;C:\Program Files (x86)\Common Files\Oracle\Java\java8path;C:\Program Files (x86)\Common Files\Oracle\Java\javapath;C:\Windows\system32;C:\Windows;C:\Windows\System32\Wbem;C:\Windows\System32\WindowsPowerShell\v1.0\;C:\Windows\System32\OpenSSH\;C:\Program Files\Bandizip\;C:\Program Files (x86)\NVIDIA Corporation\PhysX\Common;C:\Program Files\python;C:\Program Files\python\Scripts;C:\Program Files\dotnet\;D:\Program Files\qemu\;C:\Program Files\nodejs\;C:\Program Files\Git\cmd;D:\adb\;C:\Program Files\NVIDIA Corporation\NVIDIA App\NvDLISR;C:\Program Files (x86)\Windows Kits\10\Windows Performance Toolkit\;D:\maven-mvnd-1.0.3-windows-amd64\mvn\bin;C:\Users\Administrator\AppData\Local\Programs\Python\Launcher\;C:\Program Files\Common Files\Oracle\Java\javapath;C:\Windows\system32;C:\Windows;C:\Windows\System32\Wbem;C:\Windows\System32\WindowsPowerShell\v1.0\;C:\Windows\System32\OpenSSH\;C:\Program Files\Bandizip\;C:\Program Files\NVIDIA Corporation\NVIDIA App\NvDLISR;C:\Program Files (x86)\NVIDIA Corporation\PhysX\Common;C:\Program Files\python;C:\Program Files\python\Scripts;C:\Program Files\dotnet\;D:\Program Files\qemu\;C:\Program Files\nodejs\;C:\Program Files\Git\cmd;C:\Users\Administrator\AppData\Local\Microsoft\WindowsApps;D:\Program Files (x86)\Microsoft VS Code\bin;C:\Users\Administrator\AppData\Roaming\npm;d:\program files (x86)\steam\ext\bin;H:\Ollama;C:\Users\Administrator\.dotnet\tools;.
[DEBUG] java.runtime.name: OpenJDK Runtime Environment
[DEBUG] java.runtime.version: 21.0.7+-13880790-b1038.58
[DEBUG] java.specification.name: Java Platform API Specification
[DEBUG] java.specification.vendor: Oracle Corporation
[DEBUG] java.specification.version: 21
[DEBUG] java.util.logging.config.file: D:\maven-mvnd-1.0.3-windows-amd64\mvn/conf/logging/java.util.logging.properties
[DEBUG] java.vendor: JetBrains s.r.o.
[DEBUG] java.vendor.url: https://openjdk.org/
[DEBUG] java.vendor.url.bug: https://bugreport.java.com/bugreport/
[DEBUG] java.version: 21.0.7
[DEBUG] java.version.date: 2025-04-15
[DEBUG] java.vm.compressedOopsMode: Zero based
[DEBUG] java.vm.info: mixed mode
[DEBUG] java.vm.name: OpenJDK 64-Bit Server VM
[DEBUG] java.vm.specification.name: Java Virtual Machine Specification
[DEBUG] java.vm.specification.vendor: Oracle Corporation
[DEBUG] java.vm.specification.version: 21
[DEBUG] java.vm.vendor: JetBrains s.r.o.
[DEBUG] java.vm.version: 21.0.7+-13880790-b1038.58
[DEBUG] jbr.virtualization.information: Hyper-V role
[DEBUG] jdk.debug: release
[DEBUG] library.jansi.path: D:\maven-mvnd-1.0.3-windows-amd64\mvn\lib\jansi-native
[DEBUG] line.separator: 

[DEBUG] logback.configurationFile: D:\maven-mvnd-1.0.3-windows-amd64\mvn/conf/logging/logback-mvn.xml
[DEBUG] logback.configurationFile.fallback: D:\maven-mvnd-1.0.3-windows-amd64\mvn/conf/logging/logback.xml
[DEBUG] maven.build.timestamp: 2025-11-10T09:09:42Z
[DEBUG] maven.build.version: Apache Maven 3.9.11 (3e54c93a704957b63ee3494413a2b544fd3d825b)
[DEBUG] maven.conf: D:\maven-mvnd-1.0.3-windows-amd64\mvn/conf
[DEBUG] maven.home: D:\maven-mvnd-1.0.3-windows-amd64\mvn
[DEBUG] maven.multiModuleProjectDirectory: D:\Projects\Idea\NekoLobby
[DEBUG] maven.version: 3.9.11
[DEBUG] native.encoding: GBK
[DEBUG] os.arch: amd64
[DEBUG] os.name: Windows 11
[DEBUG] os.version: 10.0
[DEBUG] path.separator: ;
[DEBUG] project.baseUri: file:/D:/Projects/Idea/NekoLobby/
[DEBUG] project.build.sourceEncoding: UTF-8
[DEBUG] stderr.encoding: GBK
[DEBUG] stdout.encoding: GBK
[DEBUG] sun.arch.data.model: 64
[DEBUG] sun.boot.library.path: D:\Program Files\Android\Android Studio\jbr\bin
[DEBUG] sun.cpu.endian: little
[DEBUG] sun.cpu.isalist: amd64
[DEBUG] sun.io.unicode.encoding: UnicodeLittle
[DEBUG] sun.java.command: org.codehaus.plexus.classworlds.launcher.Launcher clean compile -X
[DEBUG] sun.java.launcher: SUN_STANDARD
[DEBUG] sun.jnu.encoding: GBK
[DEBUG] sun.management.compiler: HotSpot 64-Bit Tiered Compilers
[DEBUG] sun.os.patch.level: 
[DEBUG] user.country: CN
[DEBUG] user.dir: D:\Projects\Idea\NekoLobby
[DEBUG] user.home: C:\Users\Administrator
[DEBUG] user.language: zh
[DEBUG] user.name: Administrator
[DEBUG] user.script: 
[DEBUG] user.variant: 
[DEBUG] Using 'UTF-8' encoding to copy filtered resources.
[DEBUG] Using 'UTF-8' encoding to copy filtered properties files.
[DEBUG] resource with targetPath null
directory D:\Projects\Idea\NekoLobby\src\main\resources
excludes []
includes []
[DEBUG] ignoreDelta true
[INFO] Copying 2 resources from src\main\resources to target\classes
[DEBUG] Copying file config.yml
[DEBUG] file config.yml has a filtered file extension
[DEBUG] Using 'UTF-8' encoding to copy filtered resource 'config.yml'.
[DEBUG] filtering D:\Projects\Idea\NekoLobby\src\main\resources\config.yml to D:\Projects\Idea\NekoLobby\target\classes\config.yml
[DEBUG] Copying file plugin.yml
[DEBUG] file plugin.yml has a filtered file extension
[DEBUG] Using 'UTF-8' encoding to copy filtered resource 'plugin.yml'.
[DEBUG] filtering D:\Projects\Idea\NekoLobby\src\main\resources\plugin.yml to D:\Projects\Idea\NekoLobby\target\classes\plugin.yml
[DEBUG] no user filter components
[INFO] 
[INFO] --- compiler:3.8.1:compile (default-compile) @ NekoLobby ---
[DEBUG] Using mirror maven-default-http-blocker (http://0.0.0.0/) for codehaus.snapshots (http://snapshots.repository.codehaus.org).
[DEBUG] Using mirror maven-default-http-blocker (http://0.0.0.0/) for ow2-snapshot (http://repository.ow2.org/nexus/content/repositories/snapshots).
[DEBUG] Dependency collection stats {ConflictMarker.analyzeTime=519500, ConflictMarker.markTime=262200, ConflictMarker.nodeCount=118, ConflictIdSorter.graphTime=129000, ConflictIdSorter.topsortTime=51500, ConflictIdSorter.conflictIdCount=45, ConflictIdSorter.conflictIdCycleCount=0, ConflictResolver.totalTime=1419800, ConflictResolver.conflictItemCount=72, DfDependencyCollector.collectTime=327675800, DfDependencyCollector.transformTime=2415700}
[DEBUG] org.apache.maven.plugins:maven-compiler-plugin:jar:3.8.1
[DEBUG]    org.apache.maven:maven-plugin-api:jar:3.0:compile
[DEBUG]       org.apache.maven:maven-model:jar:3.0:compile
[DEBUG]       org.sonatype.sisu:sisu-inject-plexus:jar:1.4.2:compile
[DEBUG]          org.sonatype.sisu:sisu-inject-bean:jar:1.4.2:compile
[DEBUG]             org.sonatype.sisu:sisu-guice:jar:noaop:2.1.7:compile
[DEBUG]    org.apache.maven:maven-artifact:jar:3.0:compile
[DEBUG]       org.codehaus.plexus:plexus-utils:jar:2.0.4:compile
[DEBUG]    org.apache.maven:maven-core:jar:3.0:compile
[DEBUG]       org.apache.maven:maven-settings:jar:3.0:compile
[DEBUG]       org.apache.maven:maven-settings-builder:jar:3.0:compile
[DEBUG]       org.apache.maven:maven-repository-metadata:jar:3.0:compile
[DEBUG]       org.apache.maven:maven-model-builder:jar:3.0:compile
[DEBUG]       org.apache.maven:maven-aether-provider:jar:3.0:runtime
[DEBUG]       org.sonatype.aether:aether-impl:jar:1.7:compile
[DEBUG]          org.sonatype.aether:aether-spi:jar:1.7:compile
[DEBUG]       org.sonatype.aether:aether-api:jar:1.7:compile
[DEBUG]       org.sonatype.aether:aether-util:jar:1.7:compile
[DEBUG]       org.codehaus.plexus:plexus-interpolation:jar:1.14:compile
[DEBUG]       org.codehaus.plexus:plexus-classworlds:jar:2.2.3:compile
[DEBUG]       org.codehaus.plexus:plexus-component-annotations:jar:1.7.1:compile (version managed from default)
[DEBUG]       org.sonatype.plexus:plexus-sec-dispatcher:jar:1.3:compile
[DEBUG]          org.sonatype.plexus:plexus-cipher:jar:1.4:compile
[DEBUG]    org.apache.maven.shared:maven-shared-utils:jar:3.2.1:compile
[DEBUG]       commons-io:commons-io:jar:2.5:compile
[DEBUG]    org.apache.maven.shared:maven-shared-incremental:jar:1.1:compile
[DEBUG]    org.codehaus.plexus:plexus-java:jar:0.9.10:compile
[DEBUG]       org.ow2.asm:asm:jar:6.2:compile
[DEBUG]       com.thoughtworks.qdox:qdox:jar:2.0-M9:compile (version managed from default)
[DEBUG]    org.codehaus.plexus:plexus-compiler-api:jar:2.8.4:compile
[DEBUG]    org.codehaus.plexus:plexus-compiler-manager:jar:2.8.4:compile
[DEBUG]    org.codehaus.plexus:plexus-compiler-javac:jar:2.8.4:runtime
[DEBUG] Created new class realm plugin>org.apache.maven.plugins:maven-compiler-plugin:3.8.1
[DEBUG] Importing foreign packages into class realm plugin>org.apache.maven.plugins:maven-compiler-plugin:3.8.1
[DEBUG]   Imported:  < maven.api
[DEBUG] Populating class realm plugin>org.apache.maven.plugins:maven-compiler-plugin:3.8.1
[DEBUG]   Included: org.apache.maven.plugins:maven-compiler-plugin:jar:3.8.1
[DEBUG]   Included: org.sonatype.sisu:sisu-inject-bean:jar:1.4.2
[DEBUG]   Included: org.sonatype.sisu:sisu-guice:jar:noaop:2.1.7
[DEBUG]   Included: org.codehaus.plexus:plexus-utils:jar:2.0.4
[DEBUG]   Included: org.sonatype.aether:aether-util:jar:1.7
[DEBUG]   Included: org.codehaus.plexus:plexus-interpolation:jar:1.14
[DEBUG]   Included: org.codehaus.plexus:plexus-component-annotations:jar:1.7.1
[DEBUG]   Included: org.sonatype.plexus:plexus-sec-dispatcher:jar:1.3
[DEBUG]   Included: org.sonatype.plexus:plexus-cipher:jar:1.4
[DEBUG]   Included: org.apache.maven.shared:maven-shared-utils:jar:3.2.1
[DEBUG]   Included: commons-io:commons-io:jar:2.5
[DEBUG]   Included: org.apache.maven.shared:maven-shared-incremental:jar:1.1
[DEBUG]   Included: org.codehaus.plexus:plexus-java:jar:0.9.10
[DEBUG]   Included: org.ow2.asm:asm:jar:6.2
[DEBUG]   Included: com.thoughtworks.qdox:qdox:jar:2.0-M9
[DEBUG]   Included: org.codehaus.plexus:plexus-compiler-api:jar:2.8.4
[DEBUG]   Included: org.codehaus.plexus:plexus-compiler-manager:jar:2.8.4
[DEBUG]   Included: org.codehaus.plexus:plexus-compiler-javac:jar:2.8.4
[DEBUG] Loading mojo org.apache.maven.plugins:maven-compiler-plugin:3.8.1:compile from plugin realm ClassRealm[plugin>org.apache.maven.plugins:maven-compiler-plugin:3.8.1, parent: jdk.internal.loader.ClassLoaders$AppClassLoader@4f8e5cde]
[DEBUG] Configuring mojo execution 'org.apache.maven.plugins:maven-compiler-plugin:3.8.1:compile:default-compile' with basic configurator -->
[DEBUG]   (f) basedir = D:\Projects\Idea\NekoLobby
[DEBUG]   (f) buildDirectory = D:\Projects\Idea\NekoLobby\target
[DEBUG]   (f) compilePath = [D:\Projects\Idea\NekoLobby\target\classes, C:\Users\Administrator\.m2\repository\org\spigotmc\spigot-api\1.12.2-R0.1-SNAPSHOT\spigot-api-1.12.2-R0.1-SNAPSHOT.jar, C:\Users\Administrator\.m2\repository\commons-lang\commons-lang\2.6\commons-lang-2.6.jar, C:\Users\Administrator\.m2\repository\com\googlecode\json-simple\json-simple\1.1.1\json-simple-1.1.1.jar, C:\Users\Administrator\.m2\repository\junit\junit\4.10\junit-4.10.jar, C:\Users\Administrator\.m2\repository\org\hamcrest\hamcrest-core\1.1\hamcrest-core-1.1.jar, C:\Users\Administrator\.m2\repository\com\google\guava\guava\21.0\guava-21.0.jar, C:\Users\Administrator\.m2\repository\com\google\code\gson\gson\2.8.0\gson-2.8.0.jar, C:\Users\Administrator\.m2\repository\org\yaml\snakeyaml\1.19\snakeyaml-1.19.jar, C:\Users\Administrator\.m2\repository\net\md-5\bungeecord-chat\1.12-SNAPSHOT\bungeecord-chat-1.12-SNAPSHOT.jar, C:\Users\Administrator\.m2\repository\me\clip\placeholderapi\2.11.6\placeholderapi-2.11.6.jar, C:\Users\Administrator\.m2\repository\org\jetbrains\annotations\23.0.0\annotations-23.0.0.jar, C:\Users\Administrator\.m2\repository\org\bstats\bstats-bukkit\3.0.1\bstats-bukkit-3.0.1.jar, C:\Users\Administrator\.m2\repository\org\bstats\bstats-base\3.0.1\bstats-base-3.0.1.jar, C:\Users\Administrator\.m2\repository\net\kyori\adventure-platform-bukkit\4.3.2\adventure-platform-bukkit-4.3.2.jar, C:\Users\Administrator\.m2\repository\net\kyori\adventure-platform-api\4.3.2\adventure-platform-api-4.3.2.jar, C:\Users\Administrator\.m2\repository\net\kyori\adventure-api\4.13.1\adventure-api-4.13.1.jar, C:\Users\Administrator\.m2\repository\net\kyori\adventure-key\4.13.1\adventure-key-4.13.1.jar, C:\Users\Administrator\.m2\repository\net\kyori\adventure-text-serializer-bungeecord\4.3.2\adventure-text-serializer-bungeecord-4.3.2.jar, C:\Users\Administrator\.m2\repository\net\kyori\adventure-text-serializer-legacy\4.13.1\adventure-text-serializer-legacy-4.13.1.jar, C:\Users\Administrator\.m2\repository\net\kyori\adventure-nbt\4.13.1\adventure-nbt-4.13.1.jar, C:\Users\Administrator\.m2\repository\net\kyori\examination-api\1.3.0\examination-api-1.3.0.jar, C:\Users\Administrator\.m2\repository\net\kyori\examination-string\1.3.0\examination-string-1.3.0.jar, C:\Users\Administrator\.m2\repository\net\kyori\adventure-text-serializer-gson\4.13.1\adventure-text-serializer-gson-4.13.1.jar, C:\Users\Administrator\.m2\repository\net\kyori\adventure-text-serializer-gson-legacy-impl\4.13.1\adventure-text-serializer-gson-legacy-impl-4.13.1.jar, C:\Users\Administrator\.m2\repository\net\kyori\adventure-platform-facet\4.3.2\adventure-platform-facet-4.3.2.jar, C:\Users\Administrator\.m2\repository\net\kyori\adventure-platform-viaversion\4.3.2\adventure-platform-viaversion-4.3.2.jar, C:\Users\Administrator\.m2\repository\com\mysql\mysql-connector-j\8.0.33\mysql-connector-j-8.0.33.jar, C:\Users\Administrator\.m2\repository\com\google\protobuf\protobuf-java\3.21.9\protobuf-java-3.21.9.jar, C:\Users\Administrator\.m2\repository\net\luckperms\api\5.4\api-5.4.jar, D:\Projects\Idea\NekoLobby\lib\nekolevel-1.0-SNAPSHOT.jar]
[DEBUG]   (f) compileSourceRoots = [D:\Projects\Idea\NekoLobby\src\main\java]
[DEBUG]   (f) compilerId = javac
[DEBUG]   (f) debug = true
[DEBUG]   (f) encoding = UTF-8
[DEBUG]   (f) failOnError = true
[DEBUG]   (f) failOnWarning = false
[DEBUG]   (f) forceJavacCompilerUse = false
[DEBUG]   (f) fork = false
[DEBUG]   (f) generatedSourcesDirectory = D:\Projects\Idea\NekoLobby\target\generated-sources\annotations
[DEBUG]   (f) mojoExecution = org.apache.maven.plugins:maven-compiler-plugin:3.8.1:compile {execution: default-compile}
[DEBUG]   (f) optimize = false
[DEBUG]   (f) outputDirectory = D:\Projects\Idea\NekoLobby\target\classes
[DEBUG]   (f) parameters = false
[DEBUG]   (f) project = MavenProject: neko:NekoLobby:1.0-SNAPSHOT @ D:\Projects\Idea\NekoLobby\pom.xml
[DEBUG]   (f) projectArtifact = neko:NekoLobby:jar:1.0-SNAPSHOT
[DEBUG]   (f) session = org.apache.maven.execution.MavenSession@7b122839
[DEBUG]   (f) showDeprecation = false
[DEBUG]   (f) showWarnings = false
[DEBUG]   (f) skipMultiThreadWarning = false
[DEBUG]   (f) source = 1.8
[DEBUG]   (f) staleMillis = 0
[DEBUG]   (s) target = 1.8
[DEBUG]   (f) useIncrementalCompilation = true
[DEBUG]   (f) verbose = false
[DEBUG] -- end configuration --
[DEBUG] Using compiler 'javac'.
[DEBUG] Adding D:\Projects\Idea\NekoLobby\target\generated-sources\annotations to compile source roots:
  D:\Projects\Idea\NekoLobby\src\main\java
[DEBUG] New compile source roots:
  D:\Projects\Idea\NekoLobby\src\main\java
  D:\Projects\Idea\NekoLobby\target\generated-sources\annotations
[DEBUG] CompilerReuseStrategy: reuseCreated
[DEBUG] useIncrementalCompilation enabled
[DEBUG] Stale source detected: D:\Projects\Idea\NekoLobby\src\main\java\neko\nekoLobby\NekoLobby.java
[DEBUG] Stale source detected: D:\Projects\Idea\NekoLobby\src\main\java\neko\nekoLobby\QRCodeMapRenderer.java
[DEBUG] Stale source detected: D:\Projects\Idea\NekoLobby\src\main\java\neko\nekoLobby\ZPayUtil.java
[INFO] Changes detected - recompiling the module!
[DEBUG] Classpath:
[DEBUG]  D:\Projects\Idea\NekoLobby\target\classes
[DEBUG]  C:\Users\Administrator\.m2\repository\org\spigotmc\spigot-api\1.12.2-R0.1-SNAPSHOT\spigot-api-1.12.2-R0.1-SNAPSHOT.jar
[DEBUG]  C:\Users\Administrator\.m2\repository\commons-lang\commons-lang\2.6\commons-lang-2.6.jar
[DEBUG]  C:\Users\Administrator\.m2\repository\com\googlecode\json-simple\json-simple\1.1.1\json-simple-1.1.1.jar
[DEBUG]  C:\Users\Administrator\.m2\repository\junit\junit\4.10\junit-4.10.jar
[DEBUG]  C:\Users\Administrator\.m2\repository\org\hamcrest\hamcrest-core\1.1\hamcrest-core-1.1.jar
[DEBUG]  C:\Users\Administrator\.m2\repository\com\google\guava\guava\21.0\guava-21.0.jar
[DEBUG]  C:\Users\Administrator\.m2\repository\com\google\code\gson\gson\2.8.0\gson-2.8.0.jar
[DEBUG]  C:\Users\Administrator\.m2\repository\org\yaml\snakeyaml\1.19\snakeyaml-1.19.jar
[DEBUG]  C:\Users\Administrator\.m2\repository\net\md-5\bungeecord-chat\1.12-SNAPSHOT\bungeecord-chat-1.12-SNAPSHOT.jar
[DEBUG]  C:\Users\Administrator\.m2\repository\me\clip\placeholderapi\2.11.6\placeholderapi-2.11.6.jar
[DEBUG]  C:\Users\Administrator\.m2\repository\org\jetbrains\annotations\23.0.0\annotations-23.0.0.jar
[DEBUG]  C:\Users\Administrator\.m2\repository\org\bstats\bstats-bukkit\3.0.1\bstats-bukkit-3.0.1.jar
[DEBUG]  C:\Users\Administrator\.m2\repository\org\bstats\bstats-base\3.0.1\bstats-base-3.0.1.jar
[DEBUG]  C:\Users\Administrator\.m2\repository\net\kyori\adventure-platform-bukkit\4.3.2\adventure-platform-bukkit-4.3.2.jar
[DEBUG]  C:\Users\Administrator\.m2\repository\net\kyori\adventure-platform-api\4.3.2\adventure-platform-api-4.3.2.jar
[DEBUG]  C:\Users\Administrator\.m2\repository\net\kyori\adventure-api\4.13.1\adventure-api-4.13.1.jar
[DEBUG]  C:\Users\Administrator\.m2\repository\net\kyori\adventure-key\4.13.1\adventure-key-4.13.1.jar
[DEBUG]  C:\Users\Administrator\.m2\repository\net\kyori\adventure-text-serializer-bungeecord\4.3.2\adventure-text-serializer-bungeecord-4.3.2.jar
[DEBUG]  C:\Users\Administrator\.m2\repository\net\kyori\adventure-text-serializer-legacy\4.13.1\adventure-text-serializer-legacy-4.13.1.jar
[DEBUG]  C:\Users\Administrator\.m2\repository\net\kyori\adventure-nbt\4.13.1\adventure-nbt-4.13.1.jar
[DEBUG]  C:\Users\Administrator\.m2\repository\net\kyori\examination-api\1.3.0\examination-api-1.3.0.jar
[DEBUG]  C:\Users\Administrator\.m2\repository\net\kyori\examination-string\1.3.0\examination-string-1.3.0.jar
[DEBUG]  C:\Users\Administrator\.m2\repository\net\kyori\adventure-text-serializer-gson\4.13.1\adventure-text-serializer-gson-4.13.1.jar
[DEBUG]  C:\Users\Administrator\.m2\repository\net\kyori\adventure-text-serializer-gson-legacy-impl\4.13.1\adventure-text-serializer-gson-legacy-impl-4.13.1.jar
[DEBUG]  C:\Users\Administrator\.m2\repository\net\kyori\adventure-platform-facet\4.3.2\adventure-platform-facet-4.3.2.jar
[DEBUG]  C:\Users\Administrator\.m2\repository\net\kyori\adventure-platform-viaversion\4.3.2\adventure-platform-viaversion-4.3.2.jar
[DEBUG]  C:\Users\Administrator\.m2\repository\com\mysql\mysql-connector-j\8.0.33\mysql-connector-j-8.0.33.jar
[DEBUG]  C:\Users\Administrator\.m2\repository\com\google\protobuf\protobuf-java\3.21.9\protobuf-java-3.21.9.jar
[DEBUG]  C:\Users\Administrator\.m2\repository\net\luckperms\api\5.4\api-5.4.jar
[DEBUG]  D:\Projects\Idea\NekoLobby\lib\nekolevel-1.0-SNAPSHOT.jar
[DEBUG] Source roots:
[DEBUG]  D:\Projects\Idea\NekoLobby\src\main\java
[DEBUG]  D:\Projects\Idea\NekoLobby\target\generated-sources\annotations
[DEBUG] Command line options:
[DEBUG] -d D:\Projects\Idea\NekoLobby\target\classes -classpath D:\Projects\Idea\NekoLobby\target\classes;C:\Users\Administrator\.m2\repository\org\spigotmc\spigot-api\1.12.2-R0.1-SNAPSHOT\spigot-api-1.12.2-R0.1-SNAPSHOT.jar;C:\Users\Administrator\.m2\repository\commons-lang\commons-lang\2.6\commons-lang-2.6.jar;C:\Users\Administrator\.m2\repository\com\googlecode\json-simple\json-simple\1.1.1\json-simple-1.1.1.jar;C:\Users\Administrator\.m2\repository\junit\junit\4.10\junit-4.10.jar;C:\Users\Administrator\.m2\repository\org\hamcrest\hamcrest-core\1.1\hamcrest-core-1.1.jar;C:\Users\Administrator\.m2\repository\com\google\guava\guava\21.0\guava-21.0.jar;C:\Users\Administrator\.m2\repository\com\google\code\gson\gson\2.8.0\gson-2.8.0.jar;C:\Users\Administrator\.m2\repository\org\yaml\snakeyaml\1.19\snakeyaml-1.19.jar;C:\Users\Administrator\.m2\repository\net\md-5\bungeecord-chat\1.12-SNAPSHOT\bungeecord-chat-1.12-SNAPSHOT.jar;C:\Users\Administrator\.m2\repository\me\clip\placeholderapi\2.11.6\placeholderapi-2.11.6.jar;C:\Users\Administrator\.m2\repository\org\jetbrains\annotations\23.0.0\annotations-23.0.0.jar;C:\Users\Administrator\.m2\repository\org\bstats\bstats-bukkit\3.0.1\bstats-bukkit-3.0.1.jar;C:\Users\Administrator\.m2\repository\org\bstats\bstats-base\3.0.1\bstats-base-3.0.1.jar;C:\Users\Administrator\.m2\repository\net\kyori\adventure-platform-bukkit\4.3.2\adventure-platform-bukkit-4.3.2.jar;C:\Users\Administrator\.m2\repository\net\kyori\adventure-platform-api\4.3.2\adventure-platform-api-4.3.2.jar;C:\Users\Administrator\.m2\repository\net\kyori\adventure-api\4.13.1\adventure-api-4.13.1.jar;C:\Users\Administrator\.m2\repository\net\kyori\adventure-key\4.13.1\adventure-key-4.13.1.jar;C:\Users\Administrator\.m2\repository\net\kyori\adventure-text-serializer-bungeecord\4.3.2\adventure-text-serializer-bungeecord-4.3.2.jar;C:\Users\Administrator\.m2\repository\net\kyori\adventure-text-serializer-legacy\4.13.1\adventure-text-serializer-legacy-4.13.1.jar;C:\Users\Administrator\.m2\repository\net\kyori\adventure-nbt\4.13.1\adventure-nbt-4.13.1.jar;C:\Users\Administrator\.m2\repository\net\kyori\examination-api\1.3.0\examination-api-1.3.0.jar;C:\Users\Administrator\.m2\repository\net\kyori\examination-string\1.3.0\examination-string-1.3.0.jar;C:\Users\Administrator\.m2\repository\net\kyori\adventure-text-serializer-gson\4.13.1\adventure-text-serializer-gson-4.13.1.jar;C:\Users\Administrator\.m2\repository\net\kyori\adventure-text-serializer-gson-legacy-impl\4.13.1\adventure-text-serializer-gson-legacy-impl-4.13.1.jar;C:\Users\Administrator\.m2\repository\net\kyori\adventure-platform-facet\4.3.2\adventure-platform-facet-4.3.2.jar;C:\Users\Administrator\.m2\repository\net\kyori\adventure-platform-viaversion\4.3.2\adventure-platform-viaversion-4.3.2.jar;C:\Users\Administrator\.m2\repository\com\mysql\mysql-connector-j\8.0.33\mysql-connector-j-8.0.33.jar;C:\Users\Administrator\.m2\repository\com\google\protobuf\protobuf-java\3.21.9\protobuf-java-3.21.9.jar;C:\Users\Administrator\.m2\repository\net\luckperms\api\5.4\api-5.4.jar;D:\Projects\Idea\NekoLobby\lib\nekolevel-1.0-SNAPSHOT.jar; -sourcepath D:\Projects\Idea\NekoLobby\src\main\java;D:\Projects\Idea\NekoLobby\target\generated-sources\annotations; -s D:\Projects\Idea\NekoLobby\target\generated-sources\annotations -g -nowarn -target 1.8 -source 1.8 -encoding UTF-8
[DEBUG] incrementalBuildHelper#beforeRebuildExecution
[INFO] Compiling 3 source files to D:\Projects\Idea\NekoLobby\target\classes
[DEBUG] incrementalBuildHelper#afterRebuildExecution
[INFO] -------------------------------------------------------------
[ERROR] COMPILATION ERROR : 
[INFO] -------------------------------------------------------------
[ERROR] /D:/Projects/Idea/NekoLobby/src/main/java/neko/nekoLobby/NekoLobby.java:[173,12] 需要class, interface或enum
[ERROR] /D:/Projects/Idea/NekoLobby/src/main/java/neko/nekoLobby/NekoLobby.java:[177,9] 需要class, interface或enum
[ERROR] /D:/Projects/Idea/NekoLobby/src/main/java/neko/nekoLobby/NekoLobby.java:[178,5] 需要class, interface或enum
[ERROR] /D:/Projects/Idea/NekoLobby/src/main/java/neko/nekoLobby/NekoLobby.java:[189,13] 需要class, interface或enum
[ERROR] /D:/Projects/Idea/NekoLobby/src/main/java/neko/nekoLobby/NekoLobby.java:[192,13] 需要class, interface或enum
[ERROR] /D:/Projects/Idea/NekoLobby/src/main/java/neko/nekoLobby/NekoLobby.java:[193,13] 需要class, interface或enum
[ERROR] /D:/Projects/Idea/NekoLobby/src/main/java/neko/nekoLobby/NekoLobby.java:[194,13] 需要class, interface或enum
[ERROR] /D:/Projects/Idea/NekoLobby/src/main/java/neko/nekoLobby/NekoLobby.java:[195,13] 需要class, interface或enum
[ERROR] /D:/Projects/Idea/NekoLobby/src/main/java/neko/nekoLobby/NekoLobby.java:[197,13] 需要class, interface或enum
[ERROR] /D:/Projects/Idea/NekoLobby/src/main/java/neko/nekoLobby/NekoLobby.java:[200,13] 需要class, interface或enum
[ERROR] /D:/Projects/Idea/NekoLobby/src/main/java/neko/nekoLobby/NekoLobby.java:[201,9] 需要class, interface或enum
[ERROR] /D:/Projects/Idea/NekoLobby/src/main/java/neko/nekoLobby/NekoLobby.java:[203,13] 需要class, interface或enum
[ERROR] /D:/Projects/Idea/NekoLobby/src/main/java/neko/nekoLobby/NekoLobby.java:[204,9] 需要class, interface或enum
[ERROR] /D:/Projects/Idea/NekoLobby/src/main/java/neko/nekoLobby/NekoLobby.java:[212,9] 需要class, interface或enum
[ERROR] /D:/Projects/Idea/NekoLobby/src/main/java/neko/nekoLobby/NekoLobby.java:[214,9] 需要class, interface或enum
[ERROR] /D:/Projects/Idea/NekoLobby/src/main/java/neko/nekoLobby/NekoLobby.java:[216,13] 需要class, interface或enum
[ERROR] /D:/Projects/Idea/NekoLobby/src/main/java/neko/nekoLobby/NekoLobby.java:[219,13] 需要class, interface或enum
[ERROR] /D:/Projects/Idea/NekoLobby/src/main/java/neko/nekoLobby/NekoLobby.java:[220,13] 需要class, interface或enum
[ERROR] /D:/Projects/Idea/NekoLobby/src/main/java/neko/nekoLobby/NekoLobby.java:[221,13] 需要class, interface或enum
[ERROR] /D:/Projects/Idea/NekoLobby/src/main/java/neko/nekoLobby/NekoLobby.java:[222,9] 需要class, interface或enum
[ERROR] /D:/Projects/Idea/NekoLobby/src/main/java/neko/nekoLobby/NekoLobby.java:[224,9] 需要class, interface或enum
[ERROR] /D:/Projects/Idea/NekoLobby/src/main/java/neko/nekoLobby/NekoLobby.java:[227,17] 需要class, interface或enum
[ERROR] /D:/Projects/Idea/NekoLobby/src/main/java/neko/nekoLobby/NekoLobby.java:[228,13] 需要class, interface或enum
[ERROR] /D:/Projects/Idea/NekoLobby/src/main/java/neko/nekoLobby/NekoLobby.java:[230,13] 需要class, interface或enum
[ERROR] /D:/Projects/Idea/NekoLobby/src/main/java/neko/nekoLobby/NekoLobby.java:[239,5] 需要class, interface或enum
[ERROR] /D:/Projects/Idea/NekoLobby/src/main/java/neko/nekoLobby/NekoLobby.java:[249,13] 需要class, interface或enum
[ERROR] /D:/Projects/Idea/NekoLobby/src/main/java/neko/nekoLobby/NekoLobby.java:[250,13] 需要class, interface或enum
[ERROR] /D:/Projects/Idea/NekoLobby/src/main/java/neko/nekoLobby/NekoLobby.java:[251,13] 需要class, interface或enum
[ERROR] /D:/Projects/Idea/NekoLobby/src/main/java/neko/nekoLobby/NekoLobby.java:[252,13] 需要class, interface或enum
[ERROR] /D:/Projects/Idea/NekoLobby/src/main/java/neko/nekoLobby/NekoLobby.java:[255,13] 需要class, interface或enum
[ERROR] /D:/Projects/Idea/NekoLobby/src/main/java/neko/nekoLobby/NekoLobby.java:[257,17] 需要class, interface或enum
[ERROR] /D:/Projects/Idea/NekoLobby/src/main/java/neko/nekoLobby/NekoLobby.java:[258,13] 需要class, interface或enum
[ERROR] /D:/Projects/Idea/NekoLobby/src/main/java/neko/nekoLobby/NekoLobby.java:[262,13] 需要class, interface或enum
[ERROR] /D:/Projects/Idea/NekoLobby/src/main/java/neko/nekoLobby/NekoLobby.java:[263,9] 需要class, interface或enum
[ERROR] /D:/Projects/Idea/NekoLobby/src/main/java/neko/nekoLobby/NekoLobby.java:[265,13] 需要class, interface或enum
[ERROR] /D:/Projects/Idea/NekoLobby/src/main/java/neko/nekoLobby/NekoLobby.java:[266,9] 需要class, interface或enum
[ERROR] /D:/Projects/Idea/NekoLobby/src/main/java/neko/nekoLobby/NekoLobby.java:[281,9] 需要class, interface或enum
[ERROR] /D:/Projects/Idea/NekoLobby/src/main/java/neko/nekoLobby/NekoLobby.java:[285,13] 需要class, interface或enum
[ERROR] /D:/Projects/Idea/NekoLobby/src/main/java/neko/nekoLobby/NekoLobby.java:[289,13] 需要class, interface或enum
[ERROR] /D:/Projects/Idea/NekoLobby/src/main/java/neko/nekoLobby/NekoLobby.java:[291,13] 需要class, interface或enum
[ERROR] /D:/Projects/Idea/NekoLobby/src/main/java/neko/nekoLobby/NekoLobby.java:[297,13] 需要class, interface或enum
[ERROR] /D:/Projects/Idea/NekoLobby/src/main/java/neko/nekoLobby/NekoLobby.java:[301,13] 需要class, interface或enum
[ERROR] /D:/Projects/Idea/NekoLobby/src/main/java/neko/nekoLobby/NekoLobby.java:[309,13] 需要class, interface或enum
[ERROR] /D:/Projects/Idea/NekoLobby/src/main/java/neko/nekoLobby/NekoLobby.java:[311,9] 需要class, interface或enum
[ERROR] /D:/Projects/Idea/NekoLobby/src/main/java/neko/nekoLobby/NekoLobby.java:[315,13] 需要class, interface或enum
[ERROR] /D:/Projects/Idea/NekoLobby/src/main/java/neko/nekoLobby/NekoLobby.java:[317,9] 需要class, interface或enum
[ERROR] /D:/Projects/Idea/NekoLobby/src/main/java/neko/nekoLobby/NekoLobby.java:[327,9] 需要class, interface或enum
[ERROR] /D:/Projects/Idea/NekoLobby/src/main/java/neko/nekoLobby/NekoLobby.java:[329,13] 需要class, interface或enum
[ERROR] /D:/Projects/Idea/NekoLobby/src/main/java/neko/nekoLobby/NekoLobby.java:[332,13] 需要class, interface或enum
[ERROR] /D:/Projects/Idea/NekoLobby/src/main/java/neko/nekoLobby/NekoLobby.java:[333,13] 需要class, interface或enum
[ERROR] /D:/Projects/Idea/NekoLobby/src/main/java/neko/nekoLobby/NekoLobby.java:[336,17] 需要class, interface或enum
[ERROR] /D:/Projects/Idea/NekoLobby/src/main/java/neko/nekoLobby/NekoLobby.java:[339,21] 需要class, interface或enum
[ERROR] /D:/Projects/Idea/NekoLobby/src/main/java/neko/nekoLobby/NekoLobby.java:[343,25] 需要class, interface或enum
[ERROR] /D:/Projects/Idea/NekoLobby/src/main/java/neko/nekoLobby/NekoLobby.java:[345,25] 需要class, interface或enum
[ERROR] /D:/Projects/Idea/NekoLobby/src/main/java/neko/nekoLobby/NekoLobby.java:[349,25] 需要class, interface或enum
[ERROR] /D:/Projects/Idea/NekoLobby/src/main/java/neko/nekoLobby/NekoLobby.java:[350,21] 需要class, interface或enum
[ERROR] /D:/Projects/Idea/NekoLobby/src/main/java/neko/nekoLobby/NekoLobby.java:[355,13] 需要class, interface或enum
[ERROR] /D:/Projects/Idea/NekoLobby/src/main/java/neko/nekoLobby/NekoLobby.java:[356,9] 需要class, interface或enum
[ERROR] /D:/Projects/Idea/NekoLobby/src/main/java/neko/nekoLobby/NekoLobby.java:[358,13] 需要class, interface或enum
[ERROR] /D:/Projects/Idea/NekoLobby/src/main/java/neko/nekoLobby/NekoLobby.java:[359,13] 需要class, interface或enum
[ERROR] /D:/Projects/Idea/NekoLobby/src/main/java/neko/nekoLobby/NekoLobby.java:[360,9] 需要class, interface或enum
[ERROR] /D:/Projects/Idea/NekoLobby/src/main/java/neko/nekoLobby/NekoLobby.java:[374,9] 需要class, interface或enum
[ERROR] /D:/Projects/Idea/NekoLobby/src/main/java/neko/nekoLobby/NekoLobby.java:[376,9] 需要class, interface或enum
[ERROR] /D:/Projects/Idea/NekoLobby/src/main/java/neko/nekoLobby/NekoLobby.java:[378,9] 需要class, interface或enum
[ERROR] /D:/Projects/Idea/NekoLobby/src/main/java/neko/nekoLobby/NekoLobby.java:[382,9] 需要class, interface或enum
[ERROR] /D:/Projects/Idea/NekoLobby/src/main/java/neko/nekoLobby/NekoLobby.java:[388,13] 需要class, interface或enum
[ERROR] /D:/Projects/Idea/NekoLobby/src/main/java/neko/nekoLobby/NekoLobby.java:[392,17] 需要class, interface或enum
[ERROR] /D:/Projects/Idea/NekoLobby/src/main/java/neko/nekoLobby/NekoLobby.java:[394,17] 需要class, interface或enum
[ERROR] /D:/Projects/Idea/NekoLobby/src/main/java/neko/nekoLobby/NekoLobby.java:[398,17] 需要class, interface或enum
[ERROR] /D:/Projects/Idea/NekoLobby/src/main/java/neko/nekoLobby/NekoLobby.java:[402,17] 需要class, interface或enum
[ERROR] /D:/Projects/Idea/NekoLobby/src/main/java/neko/nekoLobby/NekoLobby.java:[406,21] 需要class, interface或enum
[ERROR] /D:/Projects/Idea/NekoLobby/src/main/java/neko/nekoLobby/NekoLobby.java:[408,17] 需要class, interface或enum
[ERROR] /D:/Projects/Idea/NekoLobby/src/main/java/neko/nekoLobby/NekoLobby.java:[418,5] 需要class, interface或enum
[ERROR] /D:/Projects/Idea/NekoLobby/src/main/java/neko/nekoLobby/NekoLobby.java:[432,9] 需要class, interface或enum
[ERROR] /D:/Projects/Idea/NekoLobby/src/main/java/neko/nekoLobby/NekoLobby.java:[434,9] 需要class, interface或enum
[ERROR] /D:/Projects/Idea/NekoLobby/src/main/java/neko/nekoLobby/NekoLobby.java:[436,9] 需要class, interface或enum
[ERROR] /D:/Projects/Idea/NekoLobby/src/main/java/neko/nekoLobby/NekoLobby.java:[440,9] 需要class, interface或enum
[ERROR] /D:/Projects/Idea/NekoLobby/src/main/java/neko/nekoLobby/NekoLobby.java:[446,13] 需要class, interface或enum
[ERROR] /D:/Projects/Idea/NekoLobby/src/main/java/neko/nekoLobby/NekoLobby.java:[448,13] 需要class, interface或enum
[ERROR] /D:/Projects/Idea/NekoLobby/src/main/java/neko/nekoLobby/NekoLobby.java:[450,13] 需要class, interface或enum
[ERROR] /D:/Projects/Idea/NekoLobby/src/main/java/neko/nekoLobby/NekoLobby.java:[452,13] 需要class, interface或enum
[ERROR] /D:/Projects/Idea/NekoLobby/src/main/java/neko/nekoLobby/NekoLobby.java:[456,13] 需要class, interface或enum
[ERROR] /D:/Projects/Idea/NekoLobby/src/main/java/neko/nekoLobby/NekoLobby.java:[460,17] 需要class, interface或enum
[ERROR] /D:/Projects/Idea/NekoLobby/src/main/java/neko/nekoLobby/NekoLobby.java:[462,17] 需要class, interface或enum
[ERROR] /D:/Projects/Idea/NekoLobby/src/main/java/neko/nekoLobby/NekoLobby.java:[464,17] 需要class, interface或enum
[ERROR] /D:/Projects/Idea/NekoLobby/src/main/java/neko/nekoLobby/NekoLobby.java:[466,13] 需要class, interface或enum
[ERROR] /D:/Projects/Idea/NekoLobby/src/main/java/neko/nekoLobby/NekoLobby.java:[472,9] 需要class, interface或enum
[ERROR] /D:/Projects/Idea/NekoLobby/src/main/java/neko/nekoLobby/NekoLobby.java:[480,17] 需要class, interface或enum
[ERROR] /D:/Projects/Idea/NekoLobby/src/main/java/neko/nekoLobby/NekoLobby.java:[482,17] 需要class, interface或enum
[ERROR] /D:/Projects/Idea/NekoLobby/src/main/java/neko/nekoLobby/NekoLobby.java:[484,13] 需要class, interface或enum
[ERROR] /D:/Projects/Idea/NekoLobby/src/main/java/neko/nekoLobby/NekoLobby.java:[488,13] 需要class, interface或enum
[ERROR] /D:/Projects/Idea/NekoLobby/src/main/java/neko/nekoLobby/NekoLobby.java:[496,5] 需要class, interface或enum
[ERROR] /D:/Projects/Idea/NekoLobby/src/main/java/neko/nekoLobby/NekoLobby.java:[502,9] 需要class, interface或enum
[ERROR] /D:/Projects/Idea/NekoLobby/src/main/java/neko/nekoLobby/NekoLobby.java:[504,9] 需要class, interface或enum
[ERROR] /D:/Projects/Idea/NekoLobby/src/main/java/neko/nekoLobby/NekoLobby.java:[506,9] 需要class, interface或enum
[ERROR] /D:/Projects/Idea/NekoLobby/src/main/java/neko/nekoLobby/NekoLobby.java:[510,9] 需要class, interface或enum
[ERROR] /D:/Projects/Idea/NekoLobby/src/main/java/neko/nekoLobby/NekoLobby.java:[514,13] 需要class, interface或enum
[ERROR] /D:/Projects/Idea/NekoLobby/src/main/java/neko/nekoLobby/NekoLobby.java:[516,13] 需要class, interface或enum
[ERROR] /D:/Projects/Idea/NekoLobby/src/main/java/neko/nekoLobby/NekoLobby.java:[518,13] 需要class, interface或enum
[ERROR] /D:/Projects/Idea/NekoLobby/src/main/java/neko/nekoLobby/NekoLobby.java:[520,13] 需要class, interface或enum
[INFO] 100 errors 
[INFO] -------------------------------------------------------------
[INFO] ------------------------------------------------------------------------
[INFO] BUILD FAILURE
[INFO] ------------------------------------------------------------------------
[INFO] Total time:  1.919 s
[INFO] Finished at: 2025-11-10T17:09:43+08:00
[INFO] ------------------------------------------------------------------------
[ERROR] Failed to execute goal org.apache.maven.plugins:maven-compiler-plugin:3.8.1:compile (default-compile) on project NekoLobby: Compilation failure: Compilation failure: 
[ERROR] /D:/Projects/Idea/NekoLobby/src/main/java/neko/nekoLobby/NekoLobby.java:[173,12] 需要class, interface或enum
[ERROR] /D:/Projects/Idea/NekoLobby/src/main/java/neko/nekoLobby/NekoLobby.java:[177,9] 需要class, interface或enum
[ERROR] /D:/Projects/Idea/NekoLobby/src/main/java/neko/nekoLobby/NekoLobby.java:[178,5] 需要class, interface或enum
[ERROR] /D:/Projects/Idea/NekoLobby/src/main/java/neko/nekoLobby/NekoLobby.java:[189,13] 需要class, interface或enum
[ERROR] /D:/Projects/Idea/NekoLobby/src/main/java/neko/nekoLobby/NekoLobby.java:[192,13] 需要class, interface或enum
[ERROR] /D:/Projects/Idea/NekoLobby/src/main/java/neko/nekoLobby/NekoLobby.java:[193,13] 需要class, interface或enum
[ERROR] /D:/Projects/Idea/NekoLobby/src/main/java/neko/nekoLobby/NekoLobby.java:[194,13] 需要class, interface或enum
[ERROR] /D:/Projects/Idea/NekoLobby/src/main/java/neko/nekoLobby/NekoLobby.java:[195,13] 需要class, interface或enum
[ERROR] /D:/Projects/Idea/NekoLobby/src/main/java/neko/nekoLobby/NekoLobby.java:[197,13] 需要class, interface或enum
[ERROR] /D:/Projects/Idea/NekoLobby/src/main/java/neko/nekoLobby/NekoLobby.java:[200,13] 需要class, interface或enum
[ERROR] /D:/Projects/Idea/NekoLobby/src/main/java/neko/nekoLobby/NekoLobby.java:[201,9] 需要class, interface或enum
[ERROR] /D:/Projects/Idea/NekoLobby/src/main/java/neko/nekoLobby/NekoLobby.java:[203,13] 需要class, interface或enum
[ERROR] /D:/Projects/Idea/NekoLobby/src/main/java/neko/nekoLobby/NekoLobby.java:[204,9] 需要class, interface或enum
[ERROR] /D:/Projects/Idea/NekoLobby/src/main/java/neko/nekoLobby/NekoLobby.java:[212,9] 需要class, interface或enum
[ERROR] /D:/Projects/Idea/NekoLobby/src/main/java/neko/nekoLobby/NekoLobby.java:[214,9] 需要class, interface或enum
[ERROR] /D:/Projects/Idea/NekoLobby/src/main/java/neko/nekoLobby/NekoLobby.java:[216,13] 需要class, interface或enum
[ERROR] /D:/Projects/Idea/NekoLobby/src/main/java/neko/nekoLobby/NekoLobby.java:[219,13] 需要class, interface或enum
[ERROR] /D:/Projects/Idea/NekoLobby/src/main/java/neko/nekoLobby/NekoLobby.java:[220,13] 需要class, interface或enum
[ERROR] /D:/Projects/Idea/NekoLobby/src/main/java/neko/nekoLobby/NekoLobby.java:[221,13] 需要class, interface或enum
[ERROR] /D:/Projects/Idea/NekoLobby/src/main/java/neko/nekoLobby/NekoLobby.java:[222,9] 需要class, interface或enum
[ERROR] /D:/Projects/Idea/NekoLobby/src/main/java/neko/nekoLobby/NekoLobby.java:[224,9] 需要class, interface或enum
[ERROR] /D:/Projects/Idea/NekoLobby/src/main/java/neko/nekoLobby/NekoLobby.java:[227,17] 需要class, interface或enum
[ERROR] /D:/Projects/Idea/NekoLobby/src/main/java/neko/nekoLobby/NekoLobby.java:[228,13] 需要class, interface或enum
[ERROR] /D:/Projects/Idea/NekoLobby/src/main/java/neko/nekoLobby/NekoLobby.java:[230,13] 需要class, interface或enum
[ERROR] /D:/Projects/Idea/NekoLobby/src/main/java/neko/nekoLobby/NekoLobby.java:[239,5] 需要class, interface或enum
[ERROR] /D:/Projects/Idea/NekoLobby/src/main/java/neko/nekoLobby/NekoLobby.java:[249,13] 需要class, interface或enum
[ERROR] /D:/Projects/Idea/NekoLobby/src/main/java/neko/nekoLobby/NekoLobby.java:[250,13] 需要class, interface或enum
[ERROR] /D:/Projects/Idea/NekoLobby/src/main/java/neko/nekoLobby/NekoLobby.java:[251,13] 需要class, interface或enum
[ERROR] /D:/Projects/Idea/NekoLobby/src/main/java/neko/nekoLobby/NekoLobby.java:[252,13] 需要class, interface或enum
[ERROR] /D:/Projects/Idea/NekoLobby/src/main/java/neko/nekoLobby/NekoLobby.java:[255,13] 需要class, interface或enum
[ERROR] /D:/Projects/Idea/NekoLobby/src/main/java/neko/nekoLobby/NekoLobby.java:[257,17] 需要class, interface或enum
[ERROR] /D:/Projects/Idea/NekoLobby/src/main/java/neko/nekoLobby/NekoLobby.java:[258,13] 需要class, interface或enum
[ERROR] /D:/Projects/Idea/NekoLobby/src/main/java/neko/nekoLobby/NekoLobby.java:[262,13] 需要class, interface或enum
[ERROR] /D:/Projects/Idea/NekoLobby/src/main/java/neko/nekoLobby/NekoLobby.java:[263,9] 需要class, interface或enum
[ERROR] /D:/Projects/Idea/NekoLobby/src/main/java/neko/nekoLobby/NekoLobby.java:[265,13] 需要class, interface或enum
[ERROR] /D:/Projects/Idea/NekoLobby/src/main/java/neko/nekoLobby/NekoLobby.java:[266,9] 需要class, interface或enum
[ERROR] /D:/Projects/Idea/NekoLobby/src/main/java/neko/nekoLobby/NekoLobby.java:[281,9] 需要class, interface或enum
[ERROR] /D:/Projects/Idea/NekoLobby/src/main/java/neko/nekoLobby/NekoLobby.java:[285,13] 需要class, interface或enum
[ERROR] /D:/Projects/Idea/NekoLobby/src/main/java/neko/nekoLobby/NekoLobby.java:[289,13] 需要class, interface或enum
[ERROR] /D:/Projects/Idea/NekoLobby/src/main/java/neko/nekoLobby/NekoLobby.java:[291,13] 需要class, interface或enum
[ERROR] /D:/Projects/Idea/NekoLobby/src/main/java/neko/nekoLobby/NekoLobby.java:[297,13] 需要class, interface或enum
[ERROR] /D:/Projects/Idea/NekoLobby/src/main/java/neko/nekoLobby/NekoLobby.java:[301,13] 需要class, interface或enum
[ERROR] /D:/Projects/Idea/NekoLobby/src/main/java/neko/nekoLobby/NekoLobby.java:[309,13] 需要class, interface或enum
[ERROR] /D:/Projects/Idea/NekoLobby/src/main/java/neko/nekoLobby/NekoLobby.java:[311,9] 需要class, interface或enum
[ERROR] /D:/Projects/Idea/NekoLobby/src/main/java/neko/nekoLobby/NekoLobby.java:[315,13] 需要class, interface或enum
[ERROR] /D:/Projects/Idea/NekoLobby/src/main/java/neko/nekoLobby/NekoLobby.java:[317,9] 需要class, interface或enum
[ERROR] /D:/Projects/Idea/NekoLobby/src/main/java/neko/nekoLobby/NekoLobby.java:[327,9] 需要class, interface或enum
[ERROR] /D:/Projects/Idea/NekoLobby/src/main/java/neko/nekoLobby/NekoLobby.java:[329,13] 需要class, interface或enum
[ERROR] /D:/Projects/Idea/NekoLobby/src/main/java/neko/nekoLobby/NekoLobby.java:[332,13] 需要class, interface或enum
[ERROR] /D:/Projects/Idea/NekoLobby/src/main/java/neko/nekoLobby/NekoLobby.java:[333,13] 需要class, interface或enum
[ERROR] /D:/Projects/Idea/NekoLobby/src/main/java/neko/nekoLobby/NekoLobby.java:[336,17] 需要class, interface或enum
[ERROR] /D:/Projects/Idea/NekoLobby/src/main/java/neko/nekoLobby/NekoLobby.java:[339,21] 需要class, interface或enum
[ERROR] /D:/Projects/Idea/NekoLobby/src/main/java/neko/nekoLobby/NekoLobby.java:[343,25] 需要class, interface或enum
[ERROR] /D:/Projects/Idea/NekoLobby/src/main/java/neko/nekoLobby/NekoLobby.java:[345,25] 需要class, interface或enum
[ERROR] /D:/Projects/Idea/NekoLobby/src/main/java/neko/nekoLobby/NekoLobby.java:[349,25] 需要class, interface或enum
[ERROR] /D:/Projects/Idea/NekoLobby/src/main/java/neko/nekoLobby/NekoLobby.java:[350,21] 需要class, interface或enum
[ERROR] /D:/Projects/Idea/NekoLobby/src/main/java/neko/nekoLobby/NekoLobby.java:[355,13] 需要class, interface或enum
[ERROR] /D:/Projects/Idea/NekoLobby/src/main/java/neko/nekoLobby/NekoLobby.java:[356,9] 需要class, interface或enum
[ERROR] /D:/Projects/Idea/NekoLobby/src/main/java/neko/nekoLobby/NekoLobby.java:[358,13] 需要class, interface或enum
[ERROR] /D:/Projects/Idea/NekoLobby/src/main/java/neko/nekoLobby/NekoLobby.java:[359,13] 需要class, interface或enum
[ERROR] /D:/Projects/Idea/NekoLobby/src/main/java/neko/nekoLobby/NekoLobby.java:[360,9] 需要class, interface或enum
[ERROR] /D:/Projects/Idea/NekoLobby/src/main/java/neko/nekoLobby/NekoLobby.java:[374,9] 需要class, interface或enum
[ERROR] /D:/Projects/Idea/NekoLobby/src/main/java/neko/nekoLobby/NekoLobby.java:[376,9] 需要class, interface或enum
[ERROR] /D:/Projects/Idea/NekoLobby/src/main/java/neko/nekoLobby/NekoLobby.java:[378,9] 需要class, interface或enum
[ERROR] /D:/Projects/Idea/NekoLobby/src/main/java/neko/nekoLobby/NekoLobby.java:[382,9] 需要class, interface或enum
[ERROR] /D:/Projects/Idea/NekoLobby/src/main/java/neko/nekoLobby/NekoLobby.java:[388,13] 需要class, interface或enum
[ERROR] /D:/Projects/Idea/NekoLobby/src/main/java/neko/nekoLobby/NekoLobby.java:[392,17] 需要class, interface或enum
[ERROR] /D:/Projects/Idea/NekoLobby/src/main/java/neko/nekoLobby/NekoLobby.java:[394,17] 需要class, interface或enum
[ERROR] /D:/Projects/Idea/NekoLobby/src/main/java/neko/nekoLobby/NekoLobby.java:[398,17] 需要class, interface或enum
[ERROR] /D:/Projects/Idea/NekoLobby/src/main/java/neko/nekoLobby/NekoLobby.java:[402,17] 需要class, interface或enum
[ERROR] /D:/Projects/Idea/NekoLobby/src/main/java/neko/nekoLobby/NekoLobby.java:[406,21] 需要class, interface或enum
[ERROR] /D:/Projects/Idea/NekoLobby/src/main/java/neko/nekoLobby/NekoLobby.java:[408,17] 需要class, interface或enum
[ERROR] /D:/Projects/Idea/NekoLobby/src/main/java/neko/nekoLobby/NekoLobby.java:[418,5] 需要class, interface或enum
[ERROR] /D:/Projects/Idea/NekoLobby/src/main/java/neko/nekoLobby/NekoLobby.java:[432,9] 需要class, interface或enum
[ERROR] /D:/Projects/Idea/NekoLobby/src/main/java/neko/nekoLobby/NekoLobby.java:[434,9] 需要class, interface或enum
[ERROR] /D:/Projects/Idea/NekoLobby/src/main/java/neko/nekoLobby/NekoLobby.java:[436,9] 需要class, interface或enum
[ERROR] /D:/Projects/Idea/NekoLobby/src/main/java/neko/nekoLobby/NekoLobby.java:[440,9] 需要class, interface或enum
[ERROR] /D:/Projects/Idea/NekoLobby/src/main/java/neko/nekoLobby/NekoLobby.java:[446,13] 需要class, interface或enum
[ERROR] /D:/Projects/Idea/NekoLobby/src/main/java/neko/nekoLobby/NekoLobby.java:[448,13] 需要class, interface或enum
[ERROR] /D:/Projects/Idea/NekoLobby/src/main/java/neko/nekoLobby/NekoLobby.java:[450,13] 需要class, interface或enum
[ERROR] /D:/Projects/Idea/NekoLobby/src/main/java/neko/nekoLobby/NekoLobby.java:[452,13] 需要class, interface或enum
[ERROR] /D:/Projects/Idea/NekoLobby/src/main/java/neko/nekoLobby/NekoLobby.java:[456,13] 需要class, interface或enum
[ERROR] /D:/Projects/Idea/NekoLobby/src/main/java/neko/nekoLobby/NekoLobby.java:[460,17] 需要class, interface或enum
[ERROR] /D:/Projects/Idea/NekoLobby/src/main/java/neko/nekoLobby/NekoLobby.java:[462,17] 需要class, interface或enum
[ERROR] /D:/Projects/Idea/NekoLobby/src/main/java/neko/nekoLobby/NekoLobby.java:[464,17] 需要class, interface或enum
[ERROR] /D:/Projects/Idea/NekoLobby/src/main/java/neko/nekoLobby/NekoLobby.java:[466,13] 需要class, interface或enum
[ERROR] /D:/Projects/Idea/NekoLobby/src/main/java/neko/nekoLobby/NekoLobby.java:[472,9] 需要class, interface或enum
[ERROR] /D:/Projects/Idea/NekoLobby/src/main/java/neko/nekoLobby/NekoLobby.java:[480,17] 需要class, interface或enum
[ERROR] /D:/Projects/Idea/NekoLobby/src/main/java/neko/nekoLobby/NekoLobby.java:[482,17] 需要class, interface或enum
[ERROR] /D:/Projects/Idea/NekoLobby/src/main/java/neko/nekoLobby/NekoLobby.java:[484,13] 需要class, interface或enum
[ERROR] /D:/Projects/Idea/NekoLobby/src/main/java/neko/nekoLobby/NekoLobby.java:[488,13] 需要class, interface或enum
[ERROR] /D:/Projects/Idea/NekoLobby/src/main/java/neko/nekoLobby/NekoLobby.java:[496,5] 需要class, interface或enum
[ERROR] /D:/Projects/Idea/NekoLobby/src/main/java/neko/nekoLobby/NekoLobby.java:[502,9] 需要class, interface或enum
[ERROR] /D:/Projects/Idea/NekoLobby/src/main/java/neko/nekoLobby/NekoLobby.java:[504,9] 需要class, interface或enum
[ERROR] /D:/Projects/Idea/NekoLobby/src/main/java/neko/nekoLobby/NekoLobby.java:[506,9] 需要class, interface或enum
[ERROR] /D:/Projects/Idea/NekoLobby/src/main/java/neko/nekoLobby/NekoLobby.java:[510,9] 需要class, interface或enum
[ERROR] /D:/Projects/Idea/NekoLobby/src/main/java/neko/nekoLobby/NekoLobby.java:[514,13] 需要class, interface或enum
[ERROR] /D:/Projects/Idea/NekoLobby/src/main/java/neko/nekoLobby/NekoLobby.java:[516,13] 需要class, interface或enum
[ERROR] /D:/Projects/Idea/NekoLobby/src/main/java/neko/nekoLobby/NekoLobby.java:[518,13] 需要class, interface或enum
[ERROR] /D:/Projects/Idea/NekoLobby/src/main/java/neko/nekoLobby/NekoLobby.java:[520,13] 需要class, interface或enum
[ERROR] -> [Help 1]
org.apache.maven.lifecycle.LifecycleExecutionException: Failed to execute goal org.apache.maven.plugins:maven-compiler-plugin:3.8.1:compile (default-compile) on project NekoLobby: Compilation failure
    at org.apache.maven.lifecycle.internal.MojoExecutor.doExecute2 (MojoExecutor.java:333)
    at org.apache.maven.lifecycle.internal.MojoExecutor.doExecute (MojoExecutor.java:316)
    at org.apache.maven.lifecycle.internal.MojoExecutor.execute (MojoExecutor.java:212)
    at org.apache.maven.lifecycle.internal.MojoExecutor.execute (MojoExecutor.java:174)
    at org.apache.maven.lifecycle.internal.MojoExecutor.access$000 (MojoExecutor.java:75)
    at org.apache.maven.lifecycle.internal.MojoExecutor$1.run (MojoExecutor.java:162)
    at org.apache.maven.plugin.DefaultMojosExecutionStrategy.execute (DefaultMojosExecutionStrategy.java:39)
    at org.apache.maven.lifecycle.internal.MojoExecutor.execute (MojoExecutor.java:159)
    at org.apache.maven.lifecycle.internal.LifecycleModuleBuilder.buildProject (LifecycleModuleBuilder.java:105)
    at org.apache.maven.lifecycle.internal.LifecycleModuleBuilder.buildProject (LifecycleModuleBuilder.java:73)
    at org.apache.maven.lifecycle.internal.builder.singlethreaded.SingleThreadedBuilder.build (SingleThreadedBuilder.java:53)
    at org.apache.maven.lifecycle.internal.LifecycleStarter.execute (LifecycleStarter.java:118)
    at org.apache.maven.DefaultMaven.doExecute (DefaultMaven.java:261)
    at org.apache.maven.DefaultMaven.doExecute (DefaultMaven.java:173)
    at org.apache.maven.DefaultMaven.execute (DefaultMaven.java:101)
    at org.apache.maven.cli.MavenCli.execute (MavenCli.java:906)
    at org.apache.maven.cli.MavenCli.doMain (MavenCli.java:283)
    at org.apache.maven.cli.MavenCli.main (MavenCli.java:206)
    at jdk.internal.reflect.DirectMethodHandleAccessor.invoke (Unknown Source)
    at java.lang.reflect.Method.invoke (Unknown Source)
    at org.codehaus.plexus.classworlds.launcher.Launcher.launchEnhanced (Launcher.java:255)
    at org.codehaus.plexus.classworlds.launcher.Launcher.launch (Launcher.java:201)
    at org.codehaus.plexus.classworlds.launcher.Launcher.mainWithExitCode (Launcher.java:361)
    at org.codehaus.plexus.classworlds.launcher.Launcher.main (Launcher.java:314)
Caused by: org.apache.maven.plugin.compiler.CompilationFailureException: Compilation failure
    at org.apache.maven.plugin.compiler.AbstractCompilerMojo.execute (AbstractCompilerMojo.java:1220)
    at org.apache.maven.plugin.compiler.CompilerMojo.execute (CompilerMojo.java:187)
    at org.apache.maven.plugin.DefaultBuildPluginManager.executeMojo (DefaultBuildPluginManager.java:126)
    at org.apache.maven.lifecycle.internal.MojoExecutor.doExecute2 (MojoExecutor.java:328)
    at org.apache.maven.lifecycle.internal.MojoExecutor.doExecute (MojoExecutor.java:316)
    at org.apache.maven.lifecycle.internal.MojoExecutor.execute (MojoExecutor.java:212)
    at org.apache.maven.lifecycle.internal.MojoExecutor.execute (MojoExecutor.java:174)
    at org.apache.maven.lifecycle.internal.MojoExecutor.access$000 (MojoExecutor.java:75)
    at org.apache.maven.lifecycle.internal.MojoExecutor$1.run (MojoExecutor.java:162)
    at org.apache.maven.plugin.DefaultMojosExecutionStrategy.execute (DefaultMojosExecutionStrategy.java:39)
    at org.apache.maven.lifecycle.internal.MojoExecutor.execute (MojoExecutor.java:159)
    at org.apache.maven.lifecycle.internal.LifecycleModuleBuilder.buildProject (LifecycleModuleBuilder.java:105)
    at org.apache.maven.lifecycle.internal.LifecycleModuleBuilder.buildProject (LifecycleModuleBuilder.java:73)
    at org.apache.maven.lifecycle.internal.builder.singlethreaded.SingleThreadedBuilder.build (SingleThreadedBuilder.java:53)
    at org.apache.maven.lifecycle.internal.LifecycleStarter.execute (LifecycleStarter.java:118)
    at org.apache.maven.DefaultMaven.doExecute (DefaultMaven.java:261)
    at org.apache.maven.DefaultMaven.doExecute (DefaultMaven.java:173)
    at org.apache.maven.DefaultMaven.execute (DefaultMaven.java:101)
    at org.apache.maven.cli.MavenCli.execute (MavenCli.java:906)
    at org.apache.maven.cli.MavenCli.doMain (MavenCli.java:283)
    at org.apache.maven.cli.MavenCli.main (MavenCli.java:206)
    at jdk.internal.reflect.DirectMethodHandleAccessor.invoke (Unknown Source)
    at java.lang.reflect.Method.invoke (Unknown Source)
    at org.codehaus.plexus.classworlds.launcher.Launcher.launchEnhanced (Launcher.java:255)
    at org.codehaus.plexus.classworlds.launcher.Launcher.launch (Launcher.java:201)
    at org.codehaus.plexus.classworlds.launcher.Launcher.mainWithExitCode (Launcher.java:361)
    at org.codehaus.plexus.classworlds.launcher.Launcher.main (Launcher.java:314)

[ERROR] 
[ERROR] 
[ERROR] For more information about the errors and possible solutions, please read the following articles:
[ERROR] [Help 1] http://cwiki.apache.org/confluence/display/MAVEN/MojoFailureException
[DEBUG] Shutting down adapter factory; available factories [file-lock, rwlock-local, semaphore-local, noop]; available name mappers [discriminating, file-gav, file-hgav, file-static, gav, static]
[DEBUG] Shutting down 'file-lock' factory
[DEBUG] Shutting down 'rwlock-local' factory
[DEBUG] Shutting down 'semaphore-local' factory
[DEBUG] Shutting down 'noop' factory
